Archive member included because of file (symbol)

.\CortexM3\ARM_GCC_493\Debug\trash_can.a(cyfitter_cfg.o)
                              .\CortexM3\ARM_GCC_493\Debug\Cm3Start.o (cyfitter_cfg)
.\CortexM3\ARM_GCC_493\Debug\trash_can.a(RC_Ch2_Timer.o)
                              .\CortexM3\ARM_GCC_493\Debug\rc_ch.o (RC_Ch2_Timer_Stop)
.\CortexM3\ARM_GCC_493\Debug\trash_can.a(RC_Ch2.o)
                              .\CortexM3\ARM_GCC_493\Debug\rc_ch.o (RC_Ch2_Read)
.\CortexM3\ARM_GCC_493\Debug\trash_can.a(RC_Ch2_Timer_Interrupt.o)
                              .\CortexM3\ARM_GCC_493\Debug\rc_ch.o (RC_Ch2_Timer_Interrupt_StartEx)
.\CortexM3\ARM_GCC_493\Debug\trash_can.a(RC_Ch1_Timer.o)
                              .\CortexM3\ARM_GCC_493\Debug\rc_ch.o (RC_Ch1_Timer_Stop)
.\CortexM3\ARM_GCC_493\Debug\trash_can.a(RC_Ch1.o)
                              .\CortexM3\ARM_GCC_493\Debug\rc_ch.o (RC_Ch1_Read)
.\CortexM3\ARM_GCC_493\Debug\trash_can.a(RC_Ch1_Timer_Interrupt.o)
                              .\CortexM3\ARM_GCC_493\Debug\rc_ch.o (RC_Ch1_Timer_Interrupt_StartEx)
.\CortexM3\ARM_GCC_493\Debug\trash_can.a(RC_Ch4_Timer.o)
                              .\CortexM3\ARM_GCC_493\Debug\rc_ch.o (RC_Ch4_Timer_Stop)
.\CortexM3\ARM_GCC_493\Debug\trash_can.a(RC_Ch4.o)
                              .\CortexM3\ARM_GCC_493\Debug\rc_ch.o (RC_Ch4_Read)
.\CortexM3\ARM_GCC_493\Debug\trash_can.a(RC_Ch4_Timer_Interrupt.o)
                              .\CortexM3\ARM_GCC_493\Debug\rc_ch.o (RC_Ch4_Timer_Interrupt_StartEx)
.\CortexM3\ARM_GCC_493\Debug\trash_can.a(RC_Ch3_Timer.o)
                              .\CortexM3\ARM_GCC_493\Debug\rc_ch.o (RC_Ch3_Timer_Stop)
.\CortexM3\ARM_GCC_493\Debug\trash_can.a(RC_Ch3.o)
                              .\CortexM3\ARM_GCC_493\Debug\rc_ch.o (RC_Ch3_Read)
.\CortexM3\ARM_GCC_493\Debug\trash_can.a(RC_Ch3_Timer_Interrupt.o)
                              .\CortexM3\ARM_GCC_493\Debug\rc_ch.o (RC_Ch3_Timer_Interrupt_StartEx)
.\CortexM3\ARM_GCC_493\Debug\trash_can.a(Left_Drive_DC_Motor_PWM.o)
                              .\CortexM3\ARM_GCC_493\Debug\dc_motor.o (Left_Drive_DC_Motor_PWM_WriteCompare)
.\CortexM3\ARM_GCC_493\Debug\trash_can.a(Left_Drive_DC_Motor_Direction.o)
                              .\CortexM3\ARM_GCC_493\Debug\dc_motor.o (Left_Drive_DC_Motor_Direction_Write)
.\CortexM3\ARM_GCC_493\Debug\trash_can.a(CyBootAsmGnu.o)
                              .\CortexM3\ARM_GCC_493\Debug\trash_can.a(cyfitter_cfg.o) (CyDelayCycles)
.\CortexM3\ARM_GCC_493\Debug\trash_can.a(CyLib.o)
                              .\CortexM3\ARM_GCC_493\Debug\Cm3Start.o (CyHalt)
.\CortexM3\ARM_GCC_493\Debug\trash_can.a(cyPm.o)
                              .\CortexM3\ARM_GCC_493\Debug\trash_can.a(CyLib.o) (CyPmReadStatus)
.\CortexM3\ARM_GCC_493\Debug\trash_can.a(cyutils.o)
                              .\CortexM3\ARM_GCC_493\Debug\trash_can.a(RC_Ch2_Timer.o) (CySetReg24)
.\CortexM3\ARM_GCC_493\Debug\trash_can.a(Status_LED.o)
                              .\CortexM3\ARM_GCC_493\Debug\main.o (Status_LED_Write)
.\CortexM3\ARM_GCC_493\Debug\trash_can.a(Clock_Millis_Interrupt.o)
                              .\CortexM3\ARM_GCC_493\Debug\milliseconds.o (Clock_Millis_Interrupt_StartEx)
.\CortexM3\ARM_GCC_493\Debug\trash_can.a(USBUART.o)
                              .\CortexM3\ARM_GCC_493\Debug\main.o (USBUART_Start)
.\CortexM3\ARM_GCC_493\Debug\trash_can.a(USBUART_cdc.o)
                              .\CortexM3\ARM_GCC_493\Debug\main.o (USBUART_PutString)
.\CortexM3\ARM_GCC_493\Debug\trash_can.a(USBUART_drv.o)
                              .\CortexM3\ARM_GCC_493\Debug\trash_can.a(USBUART.o) (USBUART_lastPacketSize)
.\CortexM3\ARM_GCC_493\Debug\trash_can.a(USBUART_episr.o)
                              .\CortexM3\ARM_GCC_493\Debug\trash_can.a(USBUART.o) (USBUART_EP_1_ISR)
.\CortexM3\ARM_GCC_493\Debug\trash_can.a(USBUART_pm.o)
                              .\CortexM3\ARM_GCC_493\Debug\trash_can.a(USBUART.o) (USBUART_DP_ISR)
.\CortexM3\ARM_GCC_493\Debug\trash_can.a(USBUART_std.o)
                              .\CortexM3\ARM_GCC_493\Debug\trash_can.a(USBUART_pm.o) (USBUART_ConfigReg)
.\CortexM3\ARM_GCC_493\Debug\trash_can.a(USBUART_vnd.o)
                              .\CortexM3\ARM_GCC_493\Debug\trash_can.a(USBUART_drv.o) (USBUART_HandleVendorRqst)
.\CortexM3\ARM_GCC_493\Debug\trash_can.a(USBUART_Dp.o)
                              .\CortexM3\ARM_GCC_493\Debug\trash_can.a(USBUART_pm.o) (USBUART_Dp_ClearInterrupt)
.\CortexM3\ARM_GCC_493\Debug\trash_can.a(Right_Drive_DC_Motor_PWM.o)
                              .\CortexM3\ARM_GCC_493\Debug\dc_motor.o (Right_Drive_DC_Motor_PWM_WriteCompare)
.\CortexM3\ARM_GCC_493\Debug\trash_can.a(Right_Drive_DC_Motor_Direction.o)
                              .\CortexM3\ARM_GCC_493\Debug\dc_motor.o (Right_Drive_DC_Motor_Direction_Write)
.\CortexM3\ARM_GCC_493\Debug\trash_can.a(Center_Lift_DC_Motor_Direction_1.o)
[...]
Memory Configuration

Name             Origin             Length             Attributes
rom              0x00000000         0x00040000         xr
ram              0x1fff8000         0x00010000         xrw
*default*        0x00000000         0xffffffff

Linker script and memory map

LOAD c:/program files (x86)/cypress/psoc creator/3.3/psoc creator/import/gnu/arm/4.9.3/bin/../lib/gcc/arm-none-eabi/4.9.3/armv7-m/crti.o
LOAD c:/program files (x86)/cypress/psoc creator/3.3/psoc creator/import/gnu/arm/4.9.3/bin/../lib/gcc/arm-none-eabi/4.9.3/armv7-m/crtbegin.o
LOAD c:/program files (x86)/cypress/psoc creator/3.3/psoc creator/import/gnu/arm/4.9.3/bin/../lib/gcc/arm-none-eabi/4.9.3/../../../../arm-none-eabi/lib/armv7-m/crt0.o
START GROUP
LOAD .\CortexM3\ARM_GCC_493\Debug\main.o
LOAD .\CortexM3\ARM_GCC_493\Debug\dc_motor.o
LOAD .\CortexM3\ARM_GCC_493\Debug\milliseconds.o
LOAD .\CortexM3\ARM_GCC_493\Debug\servo.o
LOAD .\CortexM3\ARM_GCC_493\Debug\rc_ch.o
LOAD .\CortexM3\ARM_GCC_493\Debug\cymetadata.o
LOAD .\CortexM3\ARM_GCC_493\Debug\Cm3Start.o
LOAD .\CortexM3\ARM_GCC_493\Debug\trash_can.a
LOAD C:\Program Files (x86)\Cypress\PSoC Creator\3.3\PSoC Creator\psoc\content\cycomponentlibrary\CyComponentLibrary.cylib\CortexM3\ARM_GCC_493\Debug\CyComponentLibrary.a
END GROUP
START GROUP
LOAD c:/program files (x86)/cypress/psoc creator/3.3/psoc creator/import/gnu/arm/4.9.3/bin/../lib/gcc/arm-none-eabi/4.9.3/armv7-m\libgcc.a
LOAD c:/program files (x86)/cypress/psoc creator/3.3/psoc creator/import/gnu/arm/4.9.3/bin/../lib/gcc/arm-none-eabi/4.9.3/../../../../arm-none-eabi/lib/armv7-m\libg_nano.a
LOAD c:/program files (x86)/cypress/psoc creator/3.3/psoc creator/import/gnu/arm/4.9.3/bin/../lib/gcc/arm-none-eabi/4.9.3/../../../../arm-none-eabi/lib/armv7-m\libc_nano.a
END GROUP
START GROUP
LOAD c:/program files (x86)/cypress/psoc creator/3.3/psoc creator/import/gnu/arm/4.9.3/bin/../lib/gcc/arm-none-eabi/4.9.3/armv7-m\libgcc.a
LOAD c:/program files (x86)/cypress/psoc creator/3.3/psoc creator/import/gnu/arm/4.9.3/bin/../lib/gcc/arm-none-eabi/4.9.3/../../../../arm-none-eabi/lib/armv7-m\libc_nano.a
END GROUP
LOAD c:/program files (x86)/cypress/psoc creator/3.3/psoc creator/import/gnu/arm/4.9.3/bin/../lib/gcc/arm-none-eabi/4.9.3/armv7-m/crtend.o
LOAD c:/program files (x86)/cypress/psoc creator/3.3/psoc creator/import/gnu/arm/4.9.3/bin/../lib/gcc/arm-none-eabi/4.9.3/armv7-m/crtn.o
START GROUP
LOAD c:/program files (x86)/cypress/psoc creator/3.3/psoc creator/import/gnu/arm/4.9.3/bin/../lib/gcc/arm-none-eabi/4.9.3/armv7-m\libgcc.a
LOAD c:/program files (x86)/cypress/psoc creator/3.3/psoc creator/import/gnu/arm/4.9.3/bin/../lib/gcc/arm-none-eabi/4.9.3/../../../../arm-none-eabi/lib/armv7-m\libc.a
LOAD c:/program files (x86)/cypress/psoc creator/3.3/psoc creator/import/gnu/arm/4.9.3/bin/../lib/gcc/arm-none-eabi/4.9.3/../../../../arm-none-eabi/lib/armv7-m\libnosys.a
END GROUP
                0x00000000                CY_APPL_ORIGIN = 0x0
                0x00000100                CY_FLASH_ROW_SIZE = 0x100
                0x00000020                CY_ECC_ROW_SIZE = 0x20
                0x00000000                CY_EE_IN_BTLDR = 0x0
                0x00000000                CY_APPL_LOADABLE = 0x0
                0x00000800                CY_EE_SIZE = 0x800
                0x00000001                CY_APPL_NUM = 0x1
                0x00000001                CY_APPL_MAX = 0x1
                0x00000040                CY_METADATA_SIZE = 0x40
                0x00000000                CY_APPL_LOADABLE = 0x0
                0x00000000                CY_CHECKSUM_EXCLUDE_SIZE = ALIGN (0x0, CY_FLASH_ROW_SIZE)
                0x1fff82e8                PROVIDE (__cy_heap_start, _end)
                0x00000001                PROVIDE (__cy_region_num, ((__cy_regions_end - __cy_regions) / 0x10))
                0x20008000                PROVIDE (__cy_stack, (ORIGIN (ram) + 0x10000))
                0x20007800                PROVIDE (__cy_heap_end, (__cy_stack - 0x800))

.cybootloader   0x00000000        0x0
 *(.cybootloader)
                0x00000000                appl1_start = CY_APPL_ORIGIN?CY_APPL_ORIGIN:ALIGN (CY_FLASH_ROW_SIZE)
                0x0001ff00                appl2_start = (appl1_start + ALIGN ((((0x40000 - appl1_start) - (0x2 * CY_FLASH_ROW_SIZE)) / 0x2), CY_FLASH_ROW_SIZE))
                0x00000000                appl_start = (CY_APPL_NUM == 0x1)?appl1_start:appl2_start
                0x00000000                ecc_offset = ((appl_start / CY_FLASH_ROW_SIZE) * CY_ECC_ROW_SIZE)
                0x00000000                ee_offset = (CY_APPL_LOADABLE && ! (CY_EE_IN_BTLDR))?((CY_EE_SIZE / CY_APPL_MAX) * (CY_APPL_NUM - 0x1)):0x0
                0x00000800                ee_size = (CY_APPL_LOADABLE && ! (CY_EE_IN_BTLDR))?(CY_EE_SIZE / CY_APPL_MAX):CY_EE_SIZE
                0x00000000                PROVIDE (CY_ECC_OFFSET, ecc_offset)

.text           0x00000000     0x3b78
 CREATE_OBJECT_SYMBOLS
                0x00000000                PROVIDE (__cy_interrupt_vector, RomVectors)
 *(.romvectors)
 .romvectors    0x00000000       0x10 .\CortexM3\ARM_GCC_493\Debug\Cm3Start.o
                0x00000000                RomVectors
                0x00000001                ASSERT ((. != __cy_interrupt_vector), No interrupt vector)
                0x00000001                ASSERT (CY_APPL_ORIGIN?(SIZEOF (.cybootloader) <= CY_APPL_ORIGIN):0x1, Wrong image location)
                0x00000010                PROVIDE (__cy_reset, Reset)
 *(.text.Reset)
 .text.Reset    0x00000010       0x18 .\CortexM3\ARM_GCC_493\Debug\Cm3Start.o
                0x00000010                Reset
                0x00000001                ASSERT ((. != __cy_reset), No reset code)
 *(.dma_init)
                0x00000001                ASSERT ((((appl_start + .) <= 0x10000) || 0x1), DMA Init must be within the first 64k of flash)
 *(.text .text.* .gnu.linkonce.t.*)
 .text          0x00000028       0x5c c:/program files (x86)/cypress/psoc creator/3.3/psoc creator/import/gnu/arm/4.9.3/bin/../lib/gcc/arm-none-eabi/4.9.3/armv7-m/crtbegin.o
 .text.main     0x00000084      0x274 .\CortexM3\ARM_GCC_493\Debug\main.o
                0x00000084                main
 .text.init_dc_motors
                0x000002f8        0xc .\CortexM3\ARM_GCC_493\Debug\dc_motor.o
                0x000002f8                init_dc_motors
 .text.construct_dc_motor
                0x00000304       0x24 .\CortexM3\ARM_GCC_493\Debug\dc_motor.o
                0x00000304                construct_dc_motor
 .text.set_dc_motor_pwm
                0x00000328      0x128 .\CortexM3\ARM_GCC_493\Debug\dc_motor.o
                0x00000328                set_dc_motor_pwm
 .text.Millisecond_Interrupt
                0x00000450       0x70 .\CortexM3\ARM_GCC_493\Debug\milliseconds.o
                0x00000450                Millisecond_Interrupt
 .text.init_milliseconds
                0x000004c0       0x10 .\CortexM3\ARM_GCC_493\Debug\milliseconds.o
                0x000004c0                init_milliseconds
 .text.init_servos
                0x000004d0        0x8 .\CortexM3\ARM_GCC_493\Debug\servo.o
                0x000004d0                init_servos
 .text.set_servo_pos
                0x000004d8       0x58 .\CortexM3\ARM_GCC_493\Debug\servo.o
                0x000004d8                set_servo_pos
 .text.construct_servo
                0x00000530        0xc .\CortexM3\ARM_GCC_493\Debug\servo.o
                0x00000530                construct_servo
 .text.RC_Ch1_Timer_ISR_Handler
                0x0000053c       0x44 .\CortexM3\ARM_GCC_493\Debug\rc_ch.o
                0x0000053c                RC_Ch1_Timer_ISR_Handler
 .text.RC_Ch2_Timer_ISR_Handler
                0x00000580       0x44 .\CortexM3\ARM_GCC_493\Debug\rc_ch.o
                0x00000580                RC_Ch2_Timer_ISR_Handler
 .text.RC_Ch3_Timer_ISR_Handler
                0x000005c4       0x44 .\CortexM3\ARM_GCC_493\Debug\rc_ch.o
                0x000005c4                RC_Ch3_Timer_ISR_Handler
 .text.RC_Ch4_Timer_ISR_Handler
                0x00000608       0x44 .\CortexM3\ARM_GCC_493\Debug\rc_ch.o
                0x00000608                RC_Ch4_Timer_ISR_Handler
 .text.RC_Ch5_Timer_ISR_Handler
                0x0000064c       0x48 .\CortexM3\ARM_GCC_493\Debug\rc_ch.o
                0x0000064c                RC_Ch5_Timer_ISR_Handler
 .text.init_rc_channels
                0x00000694       0x4c .\CortexM3\ARM_GCC_493\Debug\rc_ch.o
                0x00000694                init_rc_channels
 .text.construct_rc_ch
                0x000006e0       0x10 .\CortexM3\ARM_GCC_493\Debug\rc_ch.o
                0x000006e0                construct_rc_ch
 .text.get_rc_ch_value
                0x000006f0      0x15c .\CortexM3\ARM_GCC_493\Debug\rc_ch.o
                0x000006f0                get_rc_ch_value
 .text.IntDefaultHandler
                0x0000084c        0x4 .\CortexM3\ARM_GCC_493\Debug\Cm3Start.o
                0x0000084c                IntDefaultHandler
 .text._sbrk    0x00000850       0x30 .\CortexM3\ARM_GCC_493\Debug\Cm3Start.o
                0x00000850                _sbrk
 .text.Start_c  0x00000880       0x4c .\CortexM3\ARM_GCC_493\Debug\Cm3Start.o
                0x00000880                Start_c
 .text.initialize_psoc
                0x000008cc       0x74 .\CortexM3\ARM_GCC_493\Debug\Cm3Start.o
                0x000008cc                initialize_psoc
 .text.CyClockStartupError
                0x00000940        0x4 .\CortexM3\ARM_GCC_493\Debug\trash_can.a(cyfitter_cfg.o)
 .text.cfg_write_bytes32
                0x00000944       0x34 .\CortexM3\ARM_GCC_493\Debug\trash_can.a(cyfitter_cfg.o)
 .text.AnalogSetDefault
                0x00000978       0x28 .\CortexM3\ARM_GCC_493\Debug\trash_can.a(cyfitter_cfg.o)
 .text.CYMEMZERO
                0x000009a0        0xc .\CortexM3\ARM_GCC_493\Debug\trash_can.a(cyfitter_cfg.o)
 .text.ClockSetup
                0x000009ac       0xd8 .\CortexM3\ARM_GCC_493\Debug\trash_can.a(cyfitter_cfg.o)
 .text.CYCONFIGCPY
                0x00000a84        0x8 .\CortexM3\ARM_GCC_493\Debug\trash_can.a(cyfitter_cfg.o)
 .text.cyfitter_cfg
                0x00000a8c      0x128 .\CortexM3\ARM_GCC_493\Debug\trash_can.a(cyfitter_cfg.o)
                0x00000a8c                cyfitter_cfg
 .text.RC_Ch2_Timer_Enable
                0x00000bb4       0x10 .\CortexM3\ARM_GCC_493\Debug\trash_can.a(RC_Ch2_Timer.o)
                0x00000bb4                RC_Ch2_Timer_Enable
 .text.RC_Ch2_Timer_Stop
                0x00000bc4       0x10 .\CortexM3\ARM_GCC_493\Debug\trash_can.a(RC_Ch2_Timer.o)
                0x00000bc4                RC_Ch2_Timer_Stop
 .text.RC_Ch2_Timer_SetInterruptMode
                0x00000bd4        0xc .\CortexM3\ARM_GCC_493\Debug\trash_can.a(RC_Ch2_Timer.o)
                0x00000bd4                RC_Ch2_Timer_SetInterruptMode
 .text.RC_Ch2_Timer_ReadStatusRegister
                0x00000be0        0xc .\CortexM3\ARM_GCC_493\Debug\trash_can.a(RC_Ch2_Timer.o)
                0x00000be0                RC_Ch2_Timer_ReadStatusRegister
 .text.RC_Ch2_Timer_WritePeriod
                0x00000bec       0x10 .\CortexM3\ARM_GCC_493\Debug\trash_can.a(RC_Ch2_Timer.o)
                0x00000bec                RC_Ch2_Timer_WritePeriod
 .text.RC_Ch2_Timer_ReadCapture
                0x00000bfc       0x10 .\CortexM3\ARM_GCC_493\Debug\trash_can.a(RC_Ch2_Timer.o)
                0x00000bfc                RC_Ch2_Timer_ReadCapture
 .text.RC_Ch2_Timer_WriteCounter
                0x00000c0c       0x10 .\CortexM3\ARM_GCC_493\Debug\trash_can.a(RC_Ch2_Timer.o)
                0x00000c0c                RC_Ch2_Timer_WriteCounter
 .text.RC_Ch2_Timer_EnableTrigger
                0x00000c1c       0x10 .\CortexM3\ARM_GCC_493\Debug\trash_can.a(RC_Ch2_Timer.o)
                0x00000c1c                RC_Ch2_Timer_EnableTrigger
 .text.RC_Ch2_Timer_SetInterruptCount
                0x00000c2c       0x1c .\CortexM3\ARM_GCC_493\Debug\trash_can.a(RC_Ch2_Timer.o)
                0x00000c2c                RC_Ch2_Timer_SetInterruptCount
 .text.RC_Ch2_Timer_ClearFIFO
                0x00000c48       0x14 .\CortexM3\ARM_GCC_493\Debug\trash_can.a(RC_Ch2_Timer.o)
                0x00000c48                RC_Ch2_Timer_ClearFIFO
 .text.RC_Ch2_Timer_Init
                0x00000c5c       0x40 .\CortexM3\ARM_GCC_493\Debug\trash_can.a(RC_Ch2_Timer.o)
                0x00000c5c                RC_Ch2_Timer_Init
 .text.RC_Ch2_Timer_Start
                0x00000c9c       0x1c .\CortexM3\ARM_GCC_493\Debug\trash_can.a(RC_Ch2_Timer.o)
                0x00000c9c                RC_Ch2_Timer_Start
 .text.RC_Ch2_Read
                0x00000cb8       0x10 .\CortexM3\ARM_GCC_493\Debug\trash_can.a(RC_Ch2.o)
                0x00000cb8                RC_Ch2_Read
 .text.RC_Ch2_Timer_Interrupt_SetVector
                0x00000cc8        0xc .\CortexM3\ARM_GCC_493\Debug\trash_can.a(RC_Ch2_Timer_Interrupt.o)
                0x00000cc8                RC_Ch2_Timer_Interrupt_SetVector
 .text.RC_Ch2_Timer_Interrupt_SetPriority
                0x00000cd4       0x10 .\CortexM3\ARM_GCC_493\Debug\trash_can.a(RC_Ch2_Timer_Interrupt.o)
                0x00000cd4                RC_Ch2_Timer_Interrupt_SetPriority
 .text.RC_Ch2_Timer_Interrupt_Enable
                0x00000ce4        0xc .\CortexM3\ARM_GCC_493\Debug\trash_can.a(RC_Ch2_Timer_Interrupt.o)
                0x00000ce4                RC_Ch2_Timer_Interrupt_Enable
 .text.RC_Ch2_Timer_Interrupt_Disable
                0x00000cf0        0xc .\CortexM3\ARM_GCC_493\Debug\trash_can.a(RC_Ch2_Timer_Interrupt.o)
                0x00000cf0                RC_Ch2_Timer_Interrupt_Disable
 .text.RC_Ch2_Timer_Interrupt_StartEx
                0x00000cfc       0x1c .\CortexM3\ARM_GCC_493\Debug\trash_can.a(RC_Ch2_Timer_Interrupt.o)
                0x00000cfc                RC_Ch2_Timer_Interrupt_StartEx
 .text.RC_Ch1_Timer_Enable
                0x00000d18       0x10 .\CortexM3\ARM_GCC_493\Debug\trash_can.a(RC_Ch1_Timer.o)
                0x00000d18                RC_Ch1_Timer_Enable
 .text.RC_Ch1_Timer_Stop
                0x00000d28       0x10 .\CortexM3\ARM_GCC_493\Debug\trash_can.a(RC_Ch1_Timer.o)
                0x00000d28                RC_Ch1_Timer_Stop
 .text.RC_Ch1_Timer_SetInterruptMode
                0x00000d38        0xc .\CortexM3\ARM_GCC_493\Debug\trash_can.a(RC_Ch1_Timer.o)
                0x00000d38                RC_Ch1_Timer_SetInterruptMode
 .text.RC_Ch1_Timer_ReadStatusRegister
                0x00000d44        0xc .\CortexM3\ARM_GCC_493\Debug\trash_can.a(RC_Ch1_Timer.o)
                0x00000d44                RC_Ch1_Timer_ReadStatusRegister
 .text.RC_Ch1_Timer_WritePeriod
                0x00000d50       0x10 .\CortexM3\ARM_GCC_493\Debug\trash_can.a(RC_Ch1_Timer.o)
                0x00000d50                RC_Ch1_Timer_WritePeriod
 .text.RC_Ch1_Timer_ReadCapture
                0x00000d60       0x10 .\CortexM3\ARM_GCC_493\Debug\trash_can.a(RC_Ch1_Timer.o)
                0x00000d60                RC_Ch1_Timer_ReadCapture
 .text.RC_Ch1_Timer_WriteCounter
                0x00000d70       0x10 .\CortexM3\ARM_GCC_493\Debug\trash_can.a(RC_Ch1_Timer.o)
                0x00000d70                RC_Ch1_Timer_WriteCounter
 .text.RC_Ch1_Timer_EnableTrigger
                0x00000d80       0x10 .\CortexM3\ARM_GCC_493\Debug\trash_can.a(RC_Ch1_Timer.o)
                0x00000d80                RC_Ch1_Timer_EnableTrigger
 .text.RC_Ch1_Timer_SetInterruptCount
                0x00000d90       0x1c .\CortexM3\ARM_GCC_493\Debug\trash_can.a(RC_Ch1_Timer.o)
                0x00000d90                RC_Ch1_Timer_SetInterruptCount
 .text.RC_Ch1_Timer_ClearFIFO
                0x00000dac       0x14 .\CortexM3\ARM_GCC_493\Debug\trash_can.a(RC_Ch1_Timer.o)
                0x00000dac                RC_Ch1_Timer_ClearFIFO
 .text.RC_Ch1_Timer_Init
                0x00000dc0       0x40 .\CortexM3\ARM_GCC_493\Debug\trash_can.a(RC_Ch1_Timer.o)
                0x00000dc0                RC_Ch1_Timer_Init
 .text.RC_Ch1_Timer_Start
                0x00000e00       0x1c .\CortexM3\ARM_GCC_493\Debug\trash_can.a(RC_Ch1_Timer.o)
                0x00000e00                RC_Ch1_Timer_Start
 .text.RC_Ch1_Read
                0x00000e1c       0x10 .\CortexM3\ARM_GCC_493\Debug\trash_can.a(RC_Ch1.o)
                0x00000e1c                RC_Ch1_Read
 .text.RC_Ch1_Timer_Interrupt_SetVector
                0x00000e2c        0xc .\CortexM3\ARM_GCC_493\Debug\trash_can.a(RC_Ch1_Timer_Interrupt.o)
                0x00000e2c                RC_Ch1_Timer_Interrupt_SetVector
 .text.RC_Ch1_Timer_Interrupt_SetPriority
                0x00000e38       0x10 .\CortexM3\ARM_GCC_493\Debug\trash_can.a(RC_Ch1_Timer_Interrupt.o)
                0x00000e38                RC_Ch1_Timer_Interrupt_SetPriority
 .text.RC_Ch1_Timer_Interrupt_Enable
                0x00000e48        0xc .\CortexM3\ARM_GCC_493\Debug\trash_can.a(RC_Ch1_Timer_Interrupt.o)
                0x00000e48                RC_Ch1_Timer_Interrupt_Enable
 .text.RC_Ch1_Timer_Interrupt_Disable
                0x00000e54        0xc .\CortexM3\ARM_GCC_493\Debug\trash_can.a(RC_Ch1_Timer_Interrupt.o)
                0x00000e54                RC_Ch1_Timer_Interrupt_Disable
 .text.RC_Ch1_Timer_Interrupt_StartEx
                0x00000e60       0x1c .\CortexM3\ARM_GCC_493\Debug\trash_can.a(RC_Ch1_Timer_Interrupt.o)
                0x00000e60                RC_Ch1_Timer_Interrupt_StartEx
 .text.RC_Ch4_Timer_Enable
                0x00000e7c       0x10 .\CortexM3\ARM_GCC_493\Debug\trash_can.a(RC_Ch4_Timer.o)
                0x00000e7c                RC_Ch4_Timer_Enable
 .text.RC_Ch4_Timer_Stop
                0x00000e8c       0x10 .\CortexM3\ARM_GCC_493\Debug\trash_can.a(RC_Ch4_Timer.o)
                0x00000e8c                RC_Ch4_Timer_Stop
 .text.RC_Ch4_Timer_SetInterruptMode
                0x00000e9c        0xc .\CortexM3\ARM_GCC_493\Debug\trash_can.a(RC_Ch4_Timer.o)
                0x00000e9c                RC_Ch4_Timer_SetInterruptMode
 .text.RC_Ch4_Timer_ReadStatusRegister
                0x00000ea8        0xc .\CortexM3\ARM_GCC_493\Debug\trash_can.a(RC_Ch4_Timer.o)
                0x00000ea8                RC_Ch4_Timer_ReadStatusRegister
 .text.RC_Ch4_Timer_WritePeriod
                0x00000eb4       0x10 .\CortexM3\ARM_GCC_493\Debug\trash_can.a(RC_Ch4_Timer.o)
                0x00000eb4                RC_Ch4_Timer_WritePeriod
 .text.RC_Ch4_Timer_ReadCapture
                0x00000ec4       0x10 .\CortexM3\ARM_GCC_493\Debug\trash_can.a(RC_Ch4_Timer.o)
                0x00000ec4                RC_Ch4_Timer_ReadCapture
 .text.RC_Ch4_Timer_WriteCounter
                0x00000ed4       0x10 .\CortexM3\ARM_GCC_493\Debug\trash_can.a(RC_Ch4_Timer.o)
                0x00000ed4                RC_Ch4_Timer_WriteCounter
 .text.RC_Ch4_Timer_EnableTrigger
                0x00000ee4       0x10 .\CortexM3\ARM_GCC_493\Debug\trash_can.a(RC_Ch4_Timer.o)
                0x00000ee4                RC_Ch4_Timer_EnableTrigger
 .text.RC_Ch4_Timer_SetInterruptCount
                0x00000ef4       0x1c .\CortexM3\ARM_GCC_493\Debug\trash_can.a(RC_Ch4_Timer.o)
                0x00000ef4                RC_Ch4_Timer_SetInterruptCount
 .text.RC_Ch4_Timer_ClearFIFO
                0x00000f10       0x14 .\CortexM3\ARM_GCC_493\Debug\trash_can.a(RC_Ch4_Timer.o)
                0x00000f10                RC_Ch4_Timer_ClearFIFO
 .text.RC_Ch4_Timer_Init
                0x00000f24       0x40 .\CortexM3\ARM_GCC_493\Debug\trash_can.a(RC_Ch4_Timer.o)
                0x00000f24                RC_Ch4_Timer_Init
 .text.RC_Ch4_Timer_Start
                0x00000f64       0x1c .\CortexM3\ARM_GCC_493\Debug\trash_can.a(RC_Ch4_Timer.o)
                0x00000f64                RC_Ch4_Timer_Start
 .text.RC_Ch4_Read
                0x00000f80       0x10 .\CortexM3\ARM_GCC_493\Debug\trash_can.a(RC_Ch4.o)
                0x00000f80                RC_Ch4_Read
 .text.RC_Ch4_Timer_Interrupt_SetVector
                0x00000f90        0xc .\CortexM3\ARM_GCC_493\Debug\trash_can.a(RC_Ch4_Timer_Interrupt.o)
                0x00000f90                RC_Ch4_Timer_Interrupt_SetVector
 .text.RC_Ch4_Timer_Interrupt_SetPriority
                0x00000f9c       0x10 .\CortexM3\ARM_GCC_493\Debug\trash_can.a(RC_Ch4_Timer_Interrupt.o)
                0x00000f9c                RC_Ch4_Timer_Interrupt_SetPriority
 .text.RC_Ch4_Timer_Interrupt_Enable
                0x00000fac        0xc .\CortexM3\ARM_GCC_493\Debug\trash_can.a(RC_Ch4_Timer_Interrupt.o)
                0x00000fac                RC_Ch4_Timer_Interrupt_Enable
 .text.RC_Ch4_Timer_Interrupt_Disable
                0x00000fb8        0xc .\CortexM3\ARM_GCC_493\Debug\trash_can.a(RC_Ch4_Timer_Interrupt.o)
                0x00000fb8                RC_Ch4_Timer_Interrupt_Disable
 .text.RC_Ch4_Timer_Interrupt_StartEx
                0x00000fc4       0x1c .\CortexM3\ARM_GCC_493\Debug\trash_can.a(RC_Ch4_Timer_Interrupt.o)
                0x00000fc4                RC_Ch4_Timer_Interrupt_StartEx
 .text.RC_Ch3_Timer_Enable
                0x00000fe0       0x10 .\CortexM3\ARM_GCC_493\Debug\trash_can.a(RC_Ch3_Timer.o)
                0x00000fe0                RC_Ch3_Timer_Enable
 .text.RC_Ch3_Timer_Stop
                0x00000ff0       0x10 .\CortexM3\ARM_GCC_493\Debug\trash_can.a(RC_Ch3_Timer.o)
                0x00000ff0                RC_Ch3_Timer_Stop
 .text.RC_Ch3_Timer_SetInterruptMode
                0x00001000        0xc .\CortexM3\ARM_GCC_493\Debug\trash_can.a(RC_Ch3_Timer.o)
                0x00001000                RC_Ch3_Timer_SetInterruptMode
 .text.RC_Ch3_Timer_ReadStatusRegister
                0x0000100c        0xc .\CortexM3\ARM_GCC_493\Debug\trash_can.a(RC_Ch3_Timer.o)
                0x0000100c                RC_Ch3_Timer_ReadStatusRegister
 .text.RC_Ch3_Timer_WritePeriod
                0x00001018       0x10 .\CortexM3\ARM_GCC_493\Debug\trash_can.a(RC_Ch3_Timer.o)
                0x00001018                RC_Ch3_Timer_WritePeriod
 .text.RC_Ch3_Timer_ReadCapture
                0x00001028       0x10 .\CortexM3\ARM_GCC_493\Debug\trash_can.a(RC_Ch3_Timer.o)
                0x00001028                RC_Ch3_Timer_ReadCapture
 .text.RC_Ch3_Timer_WriteCounter
                0x00001038       0x10 .\CortexM3\ARM_GCC_493\Debug\trash_can.a(RC_Ch3_Timer.o)
                0x00001038                RC_Ch3_Timer_WriteCounter
 .text.RC_Ch3_Timer_EnableTrigger
                0x00001048       0x10 .\CortexM3\ARM_GCC_493\Debug\trash_can.a(RC_Ch3_Timer.o)
                0x00001048                RC_Ch3_Timer_EnableTrigger
 .text.RC_Ch3_Timer_SetInterruptCount
                0x00001058       0x1c .\CortexM3\ARM_GCC_493\Debug\trash_can.a(RC_Ch3_Timer.o)
                0x00001058                RC_Ch3_Timer_SetInterruptCount
 .text.RC_Ch3_Timer_ClearFIFO
                0x00001074       0x14 .\CortexM3\ARM_GCC_493\Debug\trash_can.a(RC_Ch3_Timer.o)
                0x00001074                RC_Ch3_Timer_ClearFIFO
 .text.RC_Ch3_Timer_Init
                0x00001088       0x40 .\CortexM3\ARM_GCC_493\Debug\trash_can.a(RC_Ch3_Timer.o)
                0x00001088                RC_Ch3_Timer_Init
 .text.RC_Ch3_Timer_Start
                0x000010c8       0x1c .\CortexM3\ARM_GCC_493\Debug\trash_can.a(RC_Ch3_Timer.o)
                0x000010c8                RC_Ch3_Timer_Start
 .text.RC_Ch3_Read
                0x000010e4       0x10 .\CortexM3\ARM_GCC_493\Debug\trash_can.a(RC_Ch3.o)
                0x000010e4                RC_Ch3_Read
 .text.RC_Ch3_Timer_Interrupt_SetVector
                0x000010f4        0xc .\CortexM3\ARM_GCC_493\Debug\trash_can.a(RC_Ch3_Timer_Interrupt.o)
                0x000010f4                RC_Ch3_Timer_Interrupt_SetVector
 .text.RC_Ch3_Timer_Interrupt_SetPriority
                0x00001100       0x10 .\CortexM3\ARM_GCC_493\Debug\trash_can.a(RC_Ch3_Timer_Interrupt.o)
                0x00001100                RC_Ch3_Timer_Interrupt_SetPriority
 .text.RC_Ch3_Timer_Interrupt_Enable
                0x00001110        0xc .\CortexM3\ARM_GCC_493\Debug\trash_can.a(RC_Ch3_Timer_Interrupt.o)
                0x00001110                RC_Ch3_Timer_Interrupt_Enable
 .text.RC_Ch3_Timer_Interrupt_Disable
                0x0000111c        0xc .\CortexM3\ARM_GCC_493\Debug\trash_can.a(RC_Ch3_Timer_Interrupt.o)
                0x0000111c                RC_Ch3_Timer_Interrupt_Disable
 .text.RC_Ch3_Timer_Interrupt_StartEx
                0x00001128       0x1c .\CortexM3\ARM_GCC_493\Debug\trash_can.a(RC_Ch3_Timer_Interrupt.o)
                0x00001128                RC_Ch3_Timer_Interrupt_StartEx
 .text.Left_Drive_DC_Motor_PWM_Enable
                0x00001144       0x10 .\CortexM3\ARM_GCC_493\Debug\trash_can.a(Left_Drive_DC_Motor_PWM.o)
                0x00001144                Left_Drive_DC_Motor_PWM_Enable
 .text.Left_Drive_DC_Motor_PWM_WriteCounter
                0x00001154        0xc .\CortexM3\ARM_GCC_493\Debug\trash_can.a(Left_Drive_DC_Motor_PWM.o)
                0x00001154                Left_Drive_DC_Motor_PWM_WriteCounter
 .text.Left_Drive_DC_Motor_PWM_WritePeriod
                0x00001160        0xc .\CortexM3\ARM_GCC_493\Debug\trash_can.a(Left_Drive_DC_Motor_PWM.o)
                0x00001160                Left_Drive_DC_Motor_PWM_WritePeriod
 .text.Left_Drive_DC_Motor_PWM_WriteCompare
                0x0000116c        0xc .\CortexM3\ARM_GCC_493\Debug\trash_can.a(Left_Drive_DC_Motor_PWM.o)
                0x0000116c                Left_Drive_DC_Motor_PWM_WriteCompare
 .text.Left_Drive_DC_Motor_PWM_SetInterruptMode
                0x00001178        0xc .\CortexM3\ARM_GCC_493\Debug\trash_can.a(Left_Drive_DC_Motor_PWM.o)
                0x00001178                Left_Drive_DC_Motor_PWM_SetInterruptMode
 .text.Left_Drive_DC_Motor_PWM_ReadStatusRegister
                0x00001184        0xc .\CortexM3\ARM_GCC_493\Debug\trash_can.a(Left_Drive_DC_Motor_PWM.o)
                0x00001184                Left_Drive_DC_Motor_PWM_ReadStatusRegister
 .text.Left_Drive_DC_Motor_PWM_ReadCapture
                0x00001190        0xc .\CortexM3\ARM_GCC_493\Debug\trash_can.a(Left_Drive_DC_Motor_PWM.o)
                0x00001190                Left_Drive_DC_Motor_PWM_ReadCapture
 .text.Left_Drive_DC_Motor_PWM_ClearFIFO
                0x0000119c       0x14 .\CortexM3\ARM_GCC_493\Debug\trash_can.a(Left_Drive_DC_Motor_PWM.o)
                0x0000119c                Left_Drive_DC_Motor_PWM_ClearFIFO
 .text.Left_Drive_DC_Motor_PWM_Init
                0x000011b0       0x50 .\CortexM3\ARM_GCC_493\Debug\trash_can.a(Left_Drive_DC_Motor_PWM.o)
                0x000011b0                Left_Drive_DC_Motor_PWM_Init
 .text.Left_Drive_DC_Motor_PWM_Start
                0x00001200       0x1c .\CortexM3\ARM_GCC_493\Debug\trash_can.a(Left_Drive_DC_Motor_PWM.o)
                0x00001200                Left_Drive_DC_Motor_PWM_Start
 .text.Left_Drive_DC_Motor_Direction_Write
                0x0000121c       0x18 .\CortexM3\ARM_GCC_493\Debug\trash_can.a(Left_Drive_DC_Motor_Direction.o)
                0x0000121c                Left_Drive_DC_Motor_Direction_Write
 *fill*         0x00001234        0x4 
 .text          0x00001238       0x20 .\CortexM3\ARM_GCC_493\Debug\trash_can.a(CyBootAsmGnu.o)
                0x00001238                CyDelayCycles
                0x00001248                CyEnterCriticalSection
                0x00001250                CyExitCriticalSection
 .text.CyHalt   0x00001258        0x4 .\CortexM3\ARM_GCC_493\Debug\trash_can.a(CyLib.o)
                0x00001258                CyHalt
 .text.CyDelayUs
                0x0000125c       0x14 .\CortexM3\ARM_GCC_493\Debug\trash_can.a(CyLib.o)
                0x0000125c                CyDelayUs
 .text.CyIntSetVector
                0x00001270       0x28 .\CortexM3\ARM_GCC_493\Debug\trash_can.a(CyLib.o)
                0x00001270                CyIntSetVector
 .text.CyIntSetPriority
                0x00001298       0x30 .\CortexM3\ARM_GCC_493\Debug\trash_can.a(CyLib.o)
                0x00001298                CyIntSetPriority
 .text.CyGetUniqueId
                0x000012c8       0x70 .\CortexM3\ARM_GCC_493\Debug\trash_can.a(CyLib.o)
                0x000012c8                CyGetUniqueId
 .text.CySetReg24
                0x00001338       0x14 .\CortexM3\ARM_GCC_493\Debug\trash_can.a(cyutils.o)
                0x00001338                CySetReg24
 .text.Status_LED_Write
                0x0000134c       0x18 .\CortexM3\ARM_GCC_493\Debug\trash_can.a(Status_LED.o)
                0x0000134c                Status_LED_Write
 .text.Clock_Millis_Interrupt_SetVector
                0x00001364        0xc .\CortexM3\ARM_GCC_493\Debug\trash_can.a(Clock_Millis_Interrupt.o)
                0x00001364                Clock_Millis_Interrupt_SetVector
 .text.Clock_Millis_Interrupt_SetPriority
                0x00001370       0x10 .\CortexM3\ARM_GCC_493\Debug\trash_can.a(Clock_Millis_Interrupt.o)
                0x00001370                Clock_Millis_Interrupt_SetPriority
 .text.Clock_Millis_Interrupt_Enable
                0x00001380        0xc .\CortexM3\ARM_GCC_493\Debug\trash_can.a(Clock_Millis_Interrupt.o)
                0x00001380                Clock_Millis_Interrupt_Enable
 .text.Clock_Millis_Interrupt_Disable
                0x0000138c        0xc .\CortexM3\ARM_GCC_493\Debug\trash_can.a(Clock_Millis_Interrupt.o)
                0x0000138c                Clock_Millis_Interrupt_Disable
 .text.Clock_Millis_Interrupt_StartEx
                0x00001398       0x1c .\CortexM3\ARM_GCC_493\Debug\trash_can.a(Clock_Millis_Interrupt.o)
                0x00001398                Clock_Millis_Interrupt_StartEx
 .text.USBUART_Init
                0x000013b4      0x140 .\CortexM3\ARM_GCC_493\Debug\trash_can.a(USBUART.o)
                0x000013b4                USBUART_Init
 .text.USBUART_InitComponent
                0x000014f4       0xbc .\CortexM3\ARM_GCC_493\Debug\trash_can.a(USBUART.o)
                0x000014f4                USBUART_InitComponent
 .text.USBUART_Start
                0x000015b0       0x24 .\CortexM3\ARM_GCC_493\Debug\trash_can.a(USBUART.o)
                0x000015b0                USBUART_Start
 .text.USBUART_ReInitComponent
                0x000015d4       0x4c .\CortexM3\ARM_GCC_493\Debug\trash_can.a(USBUART.o)
                0x000015d4                USBUART_ReInitComponent
 .text.USBUART_GetConfiguration
                0x00001620        0xc .\CortexM3\ARM_GCC_493\Debug\trash_can.a(USBUART.o)
                0x00001620                USBUART_GetConfiguration
 .text.USBUART_LoadInEP
                0x0000162c       0x94 .\CortexM3\ARM_GCC_493\Debug\trash_can.a(USBUART.o)
                0x0000162c                USBUART_LoadInEP
 .text.USBUART_StrLen
                0x000016c0       0x14 .\CortexM3\ARM_GCC_493\Debug\trash_can.a(USBUART_cdc.o)
 .text.USBUART_GetInterfaceComPort
                0x000016d4       0x3c .\CortexM3\ARM_GCC_493\Debug\trash_can.a(USBUART_cdc.o)
                0x000016d4                USBUART_GetInterfaceComPort
 .text.USBUART_DispatchCDCClassRqst
                0x00001710       0x98 .\CortexM3\ARM_GCC_493\Debug\trash_can.a(USBUART_cdc.o)
                0x00001710                USBUART_DispatchCDCClassRqst
 .text.USBUART_PutString
                0x000017a8       0x9c .\CortexM3\ARM_GCC_493\Debug\trash_can.a(USBUART_cdc.o)
                0x000017a8                USBUART_PutString
 .text.USBUART_Cdc_EpInit
                0x00001844       0x50 .\CortexM3\ARM_GCC_493\Debug\trash_can.a(USBUART_cdc.o)
                0x00001844                USBUART_Cdc_EpInit
 .text.USBUART_LoadEP0
                0x00001894       0x94 .\CortexM3\ARM_GCC_493\Debug\trash_can.a(USBUART_drv.o)
                0x00001894                USBUART_LoadEP0
 .text.USBUART_InitZeroLengthControlTransfer
                0x00001928       0x34 .\CortexM3\ARM_GCC_493\Debug\trash_can.a(USBUART_drv.o)
                0x00001928                USBUART_InitZeroLengthControlTransfer
 .text.USBUART_ControlReadDataStage
                0x0000195c        0x8 .\CortexM3\ARM_GCC_493\Debug\trash_can.a(USBUART_drv.o)
                0x0000195c                USBUART_ControlReadDataStage
 .text.USBUART_ControlWriteDataStage
                0x00001964       0x80 .\CortexM3\ARM_GCC_493\Debug\trash_can.a(USBUART_drv.o)
                0x00001964                USBUART_ControlWriteDataStage
 .text.USBUART_InitNoDataControlTransfer
                0x000019e4       0x2c .\CortexM3\ARM_GCC_493\Debug\trash_can.a(USBUART_drv.o)
                0x000019e4                USBUART_InitNoDataControlTransfer
 .text.USBUART_UpdateStatusBlock
                0x00001a10       0x24 .\CortexM3\ARM_GCC_493\Debug\trash_can.a(USBUART_drv.o)
                0x00001a10                USBUART_UpdateStatusBlock
 .text.USBUART_HandleSetup
                0x00001a34       0x5c .\CortexM3\ARM_GCC_493\Debug\trash_can.a(USBUART_drv.o)
                0x00001a34                USBUART_HandleSetup
 .text.USBUART_ControlReadStatusStage
                0x00001a90       0x34 .\CortexM3\ARM_GCC_493\Debug\trash_can.a(USBUART_drv.o)
                0x00001a90                USBUART_ControlReadStatusStage
 .text.USBUART_HandleOUT
                0x00001ac4       0x38 .\CortexM3\ARM_GCC_493\Debug\trash_can.a(USBUART_drv.o)
                0x00001ac4                USBUART_HandleOUT
 .text.USBUART_ControlWriteStatusStage
                0x00001afc       0x20 .\CortexM3\ARM_GCC_493\Debug\trash_can.a(USBUART_drv.o)
                0x00001afc                USBUART_ControlWriteStatusStage
 .text.USBUART_NoDataControlStatusStage
                0x00001b1c       0x40 .\CortexM3\ARM_GCC_493\Debug\trash_can.a(USBUART_drv.o)
                0x00001b1c                USBUART_NoDataControlStatusStage
 .text.USBUART_HandleIN
                0x00001b5c       0x2c .\CortexM3\ARM_GCC_493\Debug\trash_can.a(USBUART_drv.o)
                0x00001b5c                USBUART_HandleIN
 .text.USBUART_EP_0_ISR
                0x00001b88       0xb8 .\CortexM3\ARM_GCC_493\Debug\trash_can.a(USBUART_drv.o)
                0x00001b88                USBUART_EP_0_ISR
 .text.USBUART_InitializeStatusBlock
                0x00001c40       0x24 .\CortexM3\ARM_GCC_493\Debug\trash_can.a(USBUART_drv.o)
                0x00001c40                USBUART_InitializeStatusBlock
 .text.USBUART_InitControlRead
                0x00001c64       0x50 .\CortexM3\ARM_GCC_493\Debug\trash_can.a(USBUART_drv.o)
                0x00001c64                USBUART_InitControlRead
 .text.USBUART_InitControlWrite
                0x00001cb4       0x48 .\CortexM3\ARM_GCC_493\Debug\trash_can.a(USBUART_drv.o)
                0x00001cb4                USBUART_InitControlWrite
 .text.USBUART_EP_1_ISR
                0x00001cfc       0x38 .\CortexM3\ARM_GCC_493\Debug\trash_can.a(USBUART_episr.o)
                0x00001cfc                USBUART_EP_1_ISR
 .text.USBUART_EP_2_ISR
                0x00001d34       0x3c .\CortexM3\ARM_GCC_493\Debug\trash_can.a(USBUART_episr.o)
                0x00001d34                USBUART_EP_2_ISR
 .text.USBUART_EP_3_ISR
                0x00001d70       0x44 .\CortexM3\ARM_GCC_493\Debug\trash_can.a(USBUART_episr.o)
                0x00001d70                USBUART_EP_3_ISR
 .text.USBUART_SOF_ISR
                0x00001db4        0x4 .\CortexM3\ARM_GCC_493\Debug\trash_can.a(USBUART_episr.o)
                0x00001db4                USBUART_SOF_ISR
 .text.USBUART_BUS_RESET_ISR
                0x00001db8        0x8 .\CortexM3\ARM_GCC_493\Debug\trash_can.a(USBUART_episr.o)
                0x00001db8                USBUART_BUS_RESET_ISR
 .text.USBUART_DP_ISR
                0x00001dc0        0x8 .\CortexM3\ARM_GCC_493\Debug\trash_can.a(USBUART_pm.o)
                0x00001dc0                USBUART_DP_ISR
 .text.USBUART_ReadDieID
                0x00001dc8       0x6c .\CortexM3\ARM_GCC_493\Debug\trash_can.a(USBUART_std.o)
                0x00001dc8                USBUART_ReadDieID
 .text.USBUART_ConfigReg
                0x00001e34       0xa4 .\CortexM3\ARM_GCC_493\Debug\trash_can.a(USBUART_std.o)
                0x00001e34                USBUART_ConfigReg
 .text.USBUART_GetConfigTablePtr
                0x00001ed8       0x28 .\CortexM3\ARM_GCC_493\Debug\trash_can.a(USBUART_std.o)
                0x00001ed8                USBUART_GetConfigTablePtr
 .text.USBUART_ConfigAltChanged
                0x00001f00      0x11c .\CortexM3\ARM_GCC_493\Debug\trash_can.a(USBUART_std.o)
                0x00001f00                USBUART_ConfigAltChanged
 .text.USBUART_GetDeviceTablePtr
                0x0000201c       0x18 .\CortexM3\ARM_GCC_493\Debug\trash_can.a(USBUART_std.o)
                0x0000201c                USBUART_GetDeviceTablePtr
 .text.USBUART_GetInterfaceClassTablePtr
                0x00002034       0x24 .\CortexM3\ARM_GCC_493\Debug\trash_can.a(USBUART_std.o)
                0x00002034                USBUART_GetInterfaceClassTablePtr
 .text.USBUART_Config
                0x00002058      0x1e4 .\CortexM3\ARM_GCC_493\Debug\trash_can.a(USBUART_std.o)
                0x00002058                USBUART_Config
 .text.USBUART_SetEndpointHalt
                0x0000223c       0x64 .\CortexM3\ARM_GCC_493\Debug\trash_can.a(USBUART_std.o)
                0x0000223c                USBUART_SetEndpointHalt
 .text.USBUART_ClearEndpointHalt
                0x000022a0       0xa8 .\CortexM3\ARM_GCC_493\Debug\trash_can.a(USBUART_std.o)
                0x000022a0                USBUART_ClearEndpointHalt
 .text.USBUART_ValidateAlternateSetting
                0x00002348       0x4c .\CortexM3\ARM_GCC_493\Debug\trash_can.a(USBUART_std.o)
                0x00002348                USBUART_ValidateAlternateSetting
 .text.USBUART_HandleStandardRqst
                0x00002394      0x350 .\CortexM3\ARM_GCC_493\Debug\trash_can.a(USBUART_std.o)
                0x00002394                USBUART_HandleStandardRqst
 .text.USBUART_HandleVendorRqst
                0x000026e4       0x18 .\CortexM3\ARM_GCC_493\Debug\trash_can.a(USBUART_vnd.o)
                0x000026e4                USBUART_HandleVendorRqst
 .text.USBUART_Dp_ClearInterrupt
                0x000026fc       0x10 .\CortexM3\ARM_GCC_493\Debug\trash_can.a(USBUART_Dp.o)
                0x000026fc                USBUART_Dp_ClearInterrupt
 .text.Right_Drive_DC_Motor_PWM_Enable
                0x0000270c       0x10 .\CortexM3\ARM_GCC_493\Debug\trash_can.a(Right_Drive_DC_Motor_PWM.o)
                0x0000270c                Right_Drive_DC_Motor_PWM_Enable
 .text.Right_Drive_DC_Motor_PWM_WriteCounter
                0x0000271c        0xc .\CortexM3\ARM_GCC_493\Debug\trash_can.a(Right_Drive_DC_Motor_PWM.o)
                0x0000271c                Right_Drive_DC_Motor_PWM_WriteCounter
 .text.Right_Drive_DC_Motor_PWM_WritePeriod
                0x00002728        0xc .\CortexM3\ARM_GCC_493\Debug\trash_can.a(Right_Drive_DC_Motor_PWM.o)
                0x00002728                Right_Drive_DC_Motor_PWM_WritePeriod
 .text.Right_Drive_DC_Motor_PWM_WriteCompare
                0x00002734        0xc .\CortexM3\ARM_GCC_493\Debug\trash_can.a(Right_Drive_DC_Motor_PWM.o)
                0x00002734                Right_Drive_DC_Motor_PWM_WriteCompare
 .text.Right_Drive_DC_Motor_PWM_SetInterruptMode
                0x00002740        0xc .\CortexM3\ARM_GCC_493\Debug\trash_can.a(Right_Drive_DC_Motor_PWM.o)
                0x00002740                Right_Drive_DC_Motor_PWM_SetInterruptMode
 .text.Right_Drive_DC_Motor_PWM_ReadStatusRegister
                0x0000274c        0xc .\CortexM3\ARM_GCC_493\Debug\trash_can.a(Right_Drive_DC_Motor_PWM.o)
                0x0000274c                Right_Drive_DC_Motor_PWM_ReadStatusRegister
 .text.Right_Drive_DC_Motor_PWM_ReadCapture
                0x00002758        0xc .\CortexM3\ARM_GCC_493\Debug\trash_can.a(Right_Drive_DC_Motor_PWM.o)
                0x00002758                Right_Drive_DC_Motor_PWM_ReadCapture
 .text.Right_Drive_DC_Motor_PWM_ClearFIFO
                0x00002764       0x14 .\CortexM3\ARM_GCC_493\Debug\trash_can.a(Right_Drive_DC_Motor_PWM.o)
                0x00002764                Right_Drive_DC_Motor_PWM_ClearFIFO
 .text.Right_Drive_DC_Motor_PWM_Init
                0x00002778       0x50 .\CortexM3\ARM_GCC_493\Debug\trash_can.a(Right_Drive_DC_Motor_PWM.o)
                0x00002778                Right_Drive_DC_Motor_PWM_Init
 .text.Right_Drive_DC_Motor_PWM_Start
                0x000027c8       0x1c .\CortexM3\ARM_GCC_493\Debug\trash_can.a(Right_Drive_DC_Motor_PWM.o)
                0x000027c8                Right_Drive_DC_Motor_PWM_Start
 .text.Right_Drive_DC_Motor_Direction_Write
                0x000027e4       0x18 .\CortexM3\ARM_GCC_493\Debug\trash_can.a(Right_Drive_DC_Motor_Direction.o)
                0x000027e4                Right_Drive_DC_Motor_Direction_Write
 .text.Center_Lift_DC_Motor_Direction_1_Write
                0x000027fc       0x18 .\CortexM3\ARM_GCC_493\Debug\trash_can.a(Center_Lift_DC_Motor_Direction_1.o)
                0x000027fc                Center_Lift_DC_Motor_Direction_1_Write
 .text.Center_Lift_DC_Motor_Direction_2_Write
                0x00002814       0x18 .\CortexM3\ARM_GCC_493\Debug\trash_can.a(Center_Lift_DC_Motor_Direction_2.o)
                0x00002814                Center_Lift_DC_Motor_Direction_2_Write
 .text.Shoulder_Cam_DC_Motor_Direction_2_Write
                0x0000282c       0x18 .\CortexM3\ARM_GCC_493\Debug\trash_can.a(Shoulder_Cam_DC_Motor_Direction_2.o)
                0x0000282c                Shoulder_Cam_DC_Motor_Direction_2_Write
 .text.Shoulder_Cam_DC_Motor_Direction_1_Write
                0x00002844       0x18 .\CortexM3\ARM_GCC_493\Debug\trash_can.a(Shoulder_Cam_DC_Motor_Direction_1.o)
                0x00002844                Shoulder_Cam_DC_Motor_Direction_1_Write
 .text.RC_Ch5_Timer_Enable
                0x0000285c       0x10 .\CortexM3\ARM_GCC_493\Debug\trash_can.a(RC_Ch5_Timer.o)
                0x0000285c                RC_Ch5_Timer_Enable
 .text.RC_Ch5_Timer_Stop
                0x0000286c       0x10 .\CortexM3\ARM_GCC_493\Debug\trash_can.a(RC_Ch5_Timer.o)
                0x0000286c                RC_Ch5_Timer_Stop
 .text.RC_Ch5_Timer_SetInterruptMode
                0x0000287c        0xc .\CortexM3\ARM_GCC_493\Debug\trash_can.a(RC_Ch5_Timer.o)
                0x0000287c                RC_Ch5_Timer_SetInterruptMode
 .text.RC_Ch5_Timer_ReadStatusRegister
                0x00002888        0xc .\CortexM3\ARM_GCC_493\Debug\trash_can.a(RC_Ch5_Timer.o)
                0x00002888                RC_Ch5_Timer_ReadStatusRegister
 .text.RC_Ch5_Timer_WritePeriod
                0x00002894       0x10 .\CortexM3\ARM_GCC_493\Debug\trash_can.a(RC_Ch5_Timer.o)
                0x00002894                RC_Ch5_Timer_WritePeriod
 .text.RC_Ch5_Timer_ReadCapture
                0x000028a4       0x10 .\CortexM3\ARM_GCC_493\Debug\trash_can.a(RC_Ch5_Timer.o)
                0x000028a4                RC_Ch5_Timer_ReadCapture
 .text.RC_Ch5_Timer_WriteCounter
                0x000028b4       0x10 .\CortexM3\ARM_GCC_493\Debug\trash_can.a(RC_Ch5_Timer.o)
                0x000028b4                RC_Ch5_Timer_WriteCounter
 .text.RC_Ch5_Timer_EnableTrigger
                0x000028c4       0x10 .\CortexM3\ARM_GCC_493\Debug\trash_can.a(RC_Ch5_Timer.o)
                0x000028c4                RC_Ch5_Timer_EnableTrigger
 .text.RC_Ch5_Timer_SetInterruptCount
                0x000028d4       0x1c .\CortexM3\ARM_GCC_493\Debug\trash_can.a(RC_Ch5_Timer.o)
                0x000028d4                RC_Ch5_Timer_SetInterruptCount
 .text.RC_Ch5_Timer_ClearFIFO
                0x000028f0       0x14 .\CortexM3\ARM_GCC_493\Debug\trash_can.a(RC_Ch5_Timer.o)
                0x000028f0                RC_Ch5_Timer_ClearFIFO
 .text.RC_Ch5_Timer_Init
                0x00002904       0x40 .\CortexM3\ARM_GCC_493\Debug\trash_can.a(RC_Ch5_Timer.o)
                0x00002904                RC_Ch5_Timer_Init
 .text.RC_Ch5_Timer_Start
                0x00002944       0x1c .\CortexM3\ARM_GCC_493\Debug\trash_can.a(RC_Ch5_Timer.o)
                0x00002944                RC_Ch5_Timer_Start
 .text.RC_Ch5_Read
                0x00002960       0x10 .\CortexM3\ARM_GCC_493\Debug\trash_can.a(RC_Ch5.o)
                0x00002960                RC_Ch5_Read
 .text.RC_Ch5_Timer_Interrupt_SetVector
                0x00002970        0xc .\CortexM3\ARM_GCC_493\Debug\trash_can.a(RC_Ch5_Timer_Interrupt.o)
                0x00002970                RC_Ch5_Timer_Interrupt_SetVector
 .text.RC_Ch5_Timer_Interrupt_SetPriority
                0x0000297c       0x10 .\CortexM3\ARM_GCC_493\Debug\trash_can.a(RC_Ch5_Timer_Interrupt.o)
                0x0000297c                RC_Ch5_Timer_Interrupt_SetPriority
 .text.RC_Ch5_Timer_Interrupt_Enable
                0x0000298c        0xc .\CortexM3\ARM_GCC_493\Debug\trash_can.a(RC_Ch5_Timer_Interrupt.o)
                0x0000298c                RC_Ch5_Timer_Interrupt_Enable
 .text.RC_Ch5_Timer_Interrupt_Disable
                0x00002998        0xc .\CortexM3\ARM_GCC_493\Debug\trash_can.a(RC_Ch5_Timer_Interrupt.o)
                0x00002998                RC_Ch5_Timer_Interrupt_Disable
 .text.RC_Ch5_Timer_Interrupt_StartEx
                0x000029a4       0x1c .\CortexM3\ARM_GCC_493\Debug\trash_can.a(RC_Ch5_Timer_Interrupt.o)
                0x000029a4                RC_Ch5_Timer_Interrupt_StartEx
 .text.Head_Servo_PWM_Enable
                0x000029c0       0x10 .\CortexM3\ARM_GCC_493\Debug\trash_can.a(Head_Servo_PWM.o)
                0x000029c0                Head_Servo_PWM_Enable
 .text.Head_Servo_PWM_WriteCounter
                0x000029d0        0xc .\CortexM3\ARM_GCC_493\Debug\trash_can.a(Head_Servo_PWM.o)
                0x000029d0                Head_Servo_PWM_WriteCounter
 .text.Head_Servo_PWM_WritePeriod
                0x000029dc        0xc .\CortexM3\ARM_GCC_493\Debug\trash_can.a(Head_Servo_PWM.o)
                0x000029dc                Head_Servo_PWM_WritePeriod
 .text.Head_Servo_PWM_WriteCompare
                0x000029e8        0xc .\CortexM3\ARM_GCC_493\Debug\trash_can.a(Head_Servo_PWM.o)
                0x000029e8                Head_Servo_PWM_WriteCompare
 .text.Head_Servo_PWM_SetInterruptMode
                0x000029f4        0xc .\CortexM3\ARM_GCC_493\Debug\trash_can.a(Head_Servo_PWM.o)
                0x000029f4                Head_Servo_PWM_SetInterruptMode
 .text.Head_Servo_PWM_ReadStatusRegister
                0x00002a00        0xc .\CortexM3\ARM_GCC_493\Debug\trash_can.a(Head_Servo_PWM.o)
                0x00002a00                Head_Servo_PWM_ReadStatusRegister
 .text.Head_Servo_PWM_ReadCapture
                0x00002a0c        0xc .\CortexM3\ARM_GCC_493\Debug\trash_can.a(Head_Servo_PWM.o)
                0x00002a0c                Head_Servo_PWM_ReadCapture
 .text.Head_Servo_PWM_ClearFIFO
                0x00002a18       0x14 .\CortexM3\ARM_GCC_493\Debug\trash_can.a(Head_Servo_PWM.o)
                0x00002a18                Head_Servo_PWM_ClearFIFO
 .text.Head_Servo_PWM_Init
                0x00002a2c       0x60 .\CortexM3\ARM_GCC_493\Debug\trash_can.a(Head_Servo_PWM.o)
                0x00002a2c                Head_Servo_PWM_Init
 .text.Head_Servo_PWM_Start
                0x00002a8c       0x1c .\CortexM3\ARM_GCC_493\Debug\trash_can.a(Head_Servo_PWM.o)
                0x00002a8c                Head_Servo_PWM_Start
 .text.USBUART_DispatchClassRqst
                0x00002aa8       0x58 .\CortexM3\ARM_GCC_493\Debug\trash_can.a(USBUART_cls.o)
                0x00002aa8                USBUART_DispatchClassRqst
 .text          0x00002b00      0x370 c:/program files (x86)/cypress/psoc creator/3.3/psoc creator/import/gnu/arm/4.9.3/bin/../lib/gcc/arm-none-eabi/4.9.3/armv7-m\libgcc.a(_arm_addsubdf3.o)
                0x00002b00                __aeabi_drsub
                0x00002b08                __aeabi_dsub
                0x00002b08                __subdf3
                0x00002b0c                __aeabi_dadd
                0x00002b0c                __adddf3
                0x00002d84                __floatunsidf
                0x00002d84                __aeabi_ui2d
                0x00002da4                __floatsidf
                0x00002da4                __aeabi_i2d
                0x00002dc8                __aeabi_f2d
                0x00002dc8                __extendsfdf2
                0x00002e04                __floatundidf
                0x00002e04                __aeabi_ul2d
                0x00002e14                __floatdidf
                0x00002e14                __aeabi_l2d
 .text          0x00002e70      0x424 c:/program files (x86)/cypress/psoc creator/3.3/psoc creator/import/gnu/arm/4.9.3/bin/../lib/gcc/arm-none-eabi/4.9.3/armv7-m\libgcc.a(_arm_muldivdf3.o)
                0x00002e70                __aeabi_dmul
                0x00002e70                __muldf3
                0x000030c4                __divdf3
                0x000030c4                __aeabi_ddiv
 .text          0x00003294       0x50 c:/program files (x86)/cypress/psoc creator/3.3/psoc creator/import/gnu/arm/4.9.3/bin/../lib/gcc/arm-none-eabi/4.9.3/armv7-m\libgcc.a(_arm_fixdfsi.o)
                0x00003294                __aeabi_d2iz
                0x00003294                __fixdfsi
 .text.__errno  0x000032e4        0xc c:/program files (x86)/cypress/psoc creator/3.3/psoc creator/import/gnu/arm/4.9.3/bin/../lib/gcc/arm-none-eabi/4.9.3/../../../../arm-none-eabi/lib/armv7-m\libg_nano.a(lib_a-errno.o)
                0x000032e4                __errno
 .text.__libc_init_array
                0x000032f0       0x4c c:/program files (x86)/cypress/psoc creator/3.3/psoc creator/import/gnu/arm/4.9.3/bin/../lib/gcc/arm-none-eabi/4.9.3/../../../../arm-none-eabi/lib/armv7-m\libg_nano.a(lib_a-init.o)
                0x000032f0                __libc_init_array
 .text.memcpy   0x0000333c       0x16 c:/program files (x86)/cypress/psoc creator/3.3/psoc creator/import/gnu/arm/4.9.3/bin/../lib/gcc/arm-none-eabi/4.9.3/../../../../arm-none-eabi/lib/armv7-m\libg_nano.a(lib_a-memcpy.o)
                0x0000333c                memcpy
 .text.memset   0x00003352       0x10 c:/program files (x86)/cypress/psoc creator/3.3/psoc creator/import/gnu/arm/4.9.3/bin/../lib/gcc/arm-none-eabi/4.9.3/../../../../arm-none-eabi/lib/armv7-m\libg_nano.a(lib_a-memset.o)
                0x00003352                memset
 *fill*         0x00003362        0x2 
 .text.sprintf  0x00003364       0x48 c:/program files (x86)/cypress/psoc creator/3.3/psoc creator/import/gnu/arm/4.9.3/bin/../lib/gcc/arm-none-eabi/4.9.3/../../../../arm-none-eabi/lib/armv7-m\libg_nano.a(lib_a-sprintf.o)
                0x00003364                siprintf
                0x00003364                sprintf
 .text.__ssputs_r
                0x000033ac       0xb2 c:/program files (x86)/cypress/psoc creator/3.3/psoc creator/import/gnu/arm/4.9.3/bin/../lib/gcc/arm-none-eabi/4.9.3/../../../../arm-none-eabi/lib/armv7-m\libg_nano.a(lib_a-nano-svfprintf.o)
                0x000033ac                __ssputs_r
 *fill*         0x0000345e        0x2 
 .text._svfprintf_r
                0x00003460      0x1e4 c:/program files (x86)/cypress/psoc creator/3.3/psoc creator/import/gnu/arm/4.9.3/bin/../lib/gcc/arm-none-eabi/4.9.3/../../../../arm-none-eabi/lib/armv7-m\libg_nano.a(lib_a-nano-svfprintf.o)
                0x00003460                _svfiprintf_r
                0x00003460                _svfprintf_r
 .text._printf_common
                0x00003644       0xea c:/program files (x86)/cypress/psoc creator/3.3/psoc creator/import/gnu/arm/4.9.3/bin/../lib/gcc/arm-none-eabi/4.9.3/../../../../arm-none-eabi/lib/armv7-m\libg_nano.a(lib_a-nano-vfprintf_i.o)
                0x00003644                _printf_common
 *fill*         0x0000372e        0x2 
 .text._printf_i
                0x00003730      0x240 c:/program files (x86)/cypress/psoc creator/3.3/psoc creator/import/gnu/arm/4.9.3/bin/../lib/gcc/arm-none-eabi/4.9.3/../../../../arm-none-eabi/lib/armv7-m\libg_nano.a(lib_a-nano-vfprintf_i.o)
                0x00003730                _printf_i
 .text.memchr   0x00003970       0x1c c:/program files (x86)/cypress/psoc creator/3.3/psoc creator/import/gnu/arm/4.9.3/bin/../lib/gcc/arm-none-eabi/4.9.3/../../../../arm-none-eabi/lib/armv7-m\libg_nano.a(lib_a-memchr.o)
                0x00003970                memchr
 .text.memmove  0x0000398c       0x36 c:/program files (x86)/cypress/psoc creator/3.3/psoc creator/import/gnu/arm/4.9.3/bin/../lib/gcc/arm-none-eabi/4.9.3/../../../../arm-none-eabi/lib/armv7-m\libg_nano.a(lib_a-memmove.o)
                0x0000398c                memmove
 *fill*         0x000039c2        0x2 
 .text._free_r  0x000039c4       0x88 c:/program files (x86)/cypress/psoc creator/3.3/psoc creator/import/gnu/arm/4.9.3/bin/../lib/gcc/arm-none-eabi/4.9.3/../../../../arm-none-eabi/lib/armv7-m\libg_nano.a(lib_a-nano-freer.o)
                0x000039c4                _free_r
 .text._malloc_r
                0x00003a4c       0xac c:/program files (x86)/cypress/psoc creator/3.3/psoc creator/import/gnu/arm/4.9.3/bin/../lib/gcc/arm-none-eabi/4.9.3/../../../../arm-none-eabi/lib/armv7-m\libg_nano.a(lib_a-nano-mallocr.o)
                0x00003a4c                _malloc_r
 .text._realloc_r
                0x00003af8       0x4c c:/program files (x86)/cypress/psoc creator/3.3/psoc creator/import/gnu/arm/4.9.3/bin/../lib/gcc/arm-none-eabi/4.9.3/../../../../arm-none-eabi/lib/armv7-m\libg_nano.a(lib_a-nano-reallocr.o)
                0x00003af8                _realloc_r
 .text._sbrk_r  0x00003b44       0x20 c:/program files (x86)/cypress/psoc creator/3.3/psoc creator/import/gnu/arm/4.9.3/bin/../lib/gcc/arm-none-eabi/4.9.3/../../../../arm-none-eabi/lib/armv7-m\libg_nano.a(lib_a-sbrkr.o)
                0x00003b44                _sbrk_r
 .text._malloc_usable_size_r
                0x00003b64       0x14 c:/program files (x86)/cypress/psoc creator/3.3/psoc creator/import/gnu/arm/4.9.3/bin/../lib/gcc/arm-none-eabi/4.9.3/../../../../arm-none-eabi/lib/armv7-m\libg_nano.a(lib_a-nano-msizer.o)
                0x00003b64                _malloc_usable_size_r
 *(.plt)
 *(.gnu.warning)
 *(.glue_7t)
 .glue_7t       0x00000000        0x0 linker stubs
 *(.glue_7)
 .glue_7        0x00000000        0x0 linker stubs
 *(.vfp11_veneer)
 .vfp11_veneer  0x00000000        0x0 linker stubs
 *(.bootloader)
 *(.ARM.extab* .gnu.linkonce.armextab.*)
 *(.gcc_except_table)

.v4_bx          0x00003b78        0x0
 .v4_bx         0x00000000        0x0 linker stubs

.iplt           0x00003b78        0x0
 .iplt          0x00000000        0x0 c:/program files (x86)/cypress/psoc creator/3.3/psoc creator/import/gnu/arm/4.9.3/bin/../lib/gcc/arm-none-eabi/4.9.3/armv7-m/crtbegin.o

.eh_frame_hdr
 *(.eh_frame_hdr)

.eh_frame       0x00003b78        0x4
 *(.eh_frame)
 .eh_frame      0x00003b78        0x0 c:/program files (x86)/cypress/psoc creator/3.3/psoc creator/import/gnu/arm/4.9.3/bin/../lib/gcc/arm-none-eabi/4.9.3/armv7-m/crtbegin.o
 .eh_frame      0x00003b78        0x4 c:/program files (x86)/cypress/psoc creator/3.3/psoc creator/import/gnu/arm/4.9.3/bin/../lib/gcc/arm-none-eabi/4.9.3/armv7-m/crtend.o
                0x00003b7c                PROVIDE (__exidx_start, .)

.ARM.exidx
 *(.ARM.exidx* .gnu.linkonce.armexidx.*)
                0x00003b7c                __exidx_end = .

.rodata         0x00003b7c      0x27c
 *(.rodata .rodata.* .gnu.linkonce.r.*)
 .rodata.str1.4
                0x00003b7c       0x35 .\CortexM3\ARM_GCC_493\Debug\main.o
                                 0x38 (size before relaxing)
 *fill*         0x00003bb1        0x3 
 .rodata        0x00003bb4       0x2c .\CortexM3\ARM_GCC_493\Debug\rc_ch.o
                0x00003bb4                RC_CONVERTING_THRESHOLD_VALUE
                0x00003bb8                RC_CH5_THRESHOLD_VALUE
                0x00003bbc                RC_CH1_MIN_VALUE
                0x00003bc0                RC_MIN_VALUE
                0x00003bc4                RC_MAX_VALUE
                0x00003bc8                RC_CONNECTION_TIMEOUT
                0x00003bcc                RC_TIMER_MID_TOLERANCE
                0x00003bd0                RC_TIMER_MIN_VALUE
                0x00003bd4                RC_TIMER_MID_VALUE
                0x00003bd8                RC_TIMER_MAX_VALUE
                0x00003bdc                RC_TIMER_PERIOD
 .rodata        0x00003be0       0x38 .\CortexM3\ARM_GCC_493\Debug\trash_can.a(cyfitter_cfg.o)
 .rodata.str1.4
                0x00003c18       0x14 .\CortexM3\ARM_GCC_493\Debug\trash_can.a(USBUART_std.o)
 .rodata        0x00003c2c      0x160 .\CortexM3\ARM_GCC_493\Debug\trash_can.a(USBUART_descr.o)
                0x00003c2c                USBUART_TABLE
                0x00003c34                USBUART_DEVICE0_TABLE
                0x00003c4c                USBUART_DEVICE0_CONFIGURATION0_TABLE
                0x00003c74                USBUART_DEVICE0_CONFIGURATION0_INTERFACE_CLASS
                0x00003c78                USBUART_DEVICE0_CONFIGURATION0_EP_SETTINGS_TABLE
                0x00003c90                USBUART_SN_STRING_DESCRIPTOR
                0x00003c94                USBUART_STRING_DESCRIPTORS
                0x00003d34                USBUART_DEVICE0_CONFIGURATION0_DESCR
                0x00003d78                USBUART_DEVICE0_DESCR
 .rodata.str1.1
                0x00003d8c        0x2 c:/program files (x86)/cypress/psoc creator/3.3/psoc creator/import/gnu/arm/4.9.3/bin/../lib/gcc/arm-none-eabi/4.9.3/../../../../arm-none-eabi/lib/armv7-m\libg_nano.a(lib_a-impure.o)
 .rodata.str1.1
                0x00003d8e       0x11 c:/program files (x86)/cypress/psoc creator/3.3/psoc creator/import/gnu/arm/4.9.3/bin/../lib/gcc/arm-none-eabi/4.9.3/../../../../arm-none-eabi/lib/armv7-m\libg_nano.a(lib_a-nano-svfprintf.o)
 .rodata.str1.1
                0x00003d9f       0x22 c:/program files (x86)/cypress/psoc creator/3.3/psoc creator/import/gnu/arm/4.9.3/bin/../lib/gcc/arm-none-eabi/4.9.3/../../../../arm-none-eabi/lib/armv7-m\libg_nano.a(lib_a-nano-vfprintf_i.o)
                0x00003dc4                . = ALIGN (0x4)
 *fill*         0x00003dc1        0x3 
 *(.init)
 .init          0x00003dc4        0x4 c:/program files (x86)/cypress/psoc creator/3.3/psoc creator/import/gnu/arm/4.9.3/bin/../lib/gcc/arm-none-eabi/4.9.3/armv7-m/crti.o
                0x00003dc4                _init
 .init          0x00003dc8        0x8 c:/program files (x86)/cypress/psoc creator/3.3/psoc creator/import/gnu/arm/4.9.3/bin/../lib/gcc/arm-none-eabi/4.9.3/armv7-m/crtn.o
                0x00003dd0                . = ALIGN (0x4)
                0x00003dd0                __preinit_array_start = .
 *(.preinit_array)
                0x00003dd0                __preinit_array_end = .
                0x00003dd0                . = ALIGN (0x4)
                0x00003dd0                __init_array_start = .
 *(SORT(.init_array.*))
 *(.init_array)
 .init_array    0x00003dd0        0x4 c:/program files (x86)/cypress/psoc creator/3.3/psoc creator/import/gnu/arm/4.9.3/bin/../lib/gcc/arm-none-eabi/4.9.3/armv7-m/crtbegin.o
 .init_array    0x00003dd4        0x4 .\CortexM3\ARM_GCC_493\Debug\Cm3Start.o
                0x00003dd8                __init_array_end = .
                0x00003dd8                . = ALIGN (0x4)
 *(.fini)
 .fini          0x00003dd8        0x4 c:/program files (x86)/cypress/psoc creator/3.3/psoc creator/import/gnu/arm/4.9.3/bin/../lib/gcc/arm-none-eabi/4.9.3/armv7-m/crti.o
                0x00003dd8                _fini
 .fini          0x00003ddc        0x8 c:/program files (x86)/cypress/psoc creator/3.3/psoc creator/import/gnu/arm/4.9.3/bin/../lib/gcc/arm-none-eabi/4.9.3/armv7-m/crtn.o
                0x00003de4                . = ALIGN (0x4)
                0x00003de4                __fini_array_start = .
 *(.fini_array)
 .fini_array    0x00003de4        0x4 c:/program files (x86)/cypress/psoc creator/3.3/psoc creator/import/gnu/arm/4.9.3/bin/../lib/gcc/arm-none-eabi/4.9.3/armv7-m/crtbegin.o
 *(SORT(.fini_array.*))
                0x00003de8                __fini_array_end = .
                0x00003de8                . = ALIGN (0x4)
 *crtbegin.o(.ctors)
 *(EXCLUDE_FILE(*crtend.o) .ctors)
 *(SORT(.ctors.*))
 *crtend.o(.ctors)
                0x00003de8                . = ALIGN (0x4)
 *crtbegin.o(.dtors)
 *(EXCLUDE_FILE(*crtend.o) .dtors)
 *(SORT(.dtors.*))
 *crtend.o(.dtors)
                0x00003de8                . = ALIGN (0x4)
                0x00003de8                __cy_regions = .
                0x00003de8        0x4 LONG 0x3df8 __cy_region_init_ram
                0x00003dec        0x4 LONG 0x1fff8108 __cy_region_start_data
                0x00003df0        0x4 LONG 0x98 __cy_region_init_size_ram
                0x00003df4        0x4 LONG 0x148 __cy_region_zero_size_ram
                0x00003df8                __cy_regions_end = .
                0x00003df8                . = ALIGN (0x8)
                0x00003df8                _etext = .

.cy_checksum_exclude
                0x00003df8        0x0
 *(.cy_checksum_exclude)

.ramvectors     0x1fff8000      0x100
                0x1fff8000                __cy_region_start_ram = .
 *(.ramvectors)
 .ramvectors    0x1fff8000      0x100 .\CortexM3\ARM_GCC_493\Debug\Cm3Start.o
                0x1fff8000                CyRamVectors

.noinit         0x1fff8100        0x5
 *(.noinit)
 .noinit        0x1fff8100        0x4 .\CortexM3\ARM_GCC_493\Debug\Cm3Start.o
 .noinit        0x1fff8104        0x1 .\CortexM3\ARM_GCC_493\Debug\trash_can.a(CyLib.o)
                0x1fff8104                CyResetStatus

.data           0x1fff8108       0x98 load address 0x00003df8
                0x1fff8108                __cy_region_start_data = .
 *(.jcr)
 .jcr           0x1fff8108        0x0 c:/program files (x86)/cypress/psoc creator/3.3/psoc creator/import/gnu/arm/4.9.3/bin/../lib/gcc/arm-none-eabi/4.9.3/armv7-m/crtbegin.o
 .jcr           0x1fff8108        0x4 c:/program files (x86)/cypress/psoc creator/3.3/psoc creator/import/gnu/arm/4.9.3/bin/../lib/gcc/arm-none-eabi/4.9.3/armv7-m/crtend.o
 *(.got.plt)
 *(.got)
 *(.shdata)
 *(.data .data.* .gnu.linkonce.d.*)
 .data          0x1fff810c        0x4 .\CortexM3\ARM_GCC_493\Debug\Cm3Start.o
 .data          0x1fff8110       0x10 .\CortexM3\ARM_GCC_493\Debug\trash_can.a(CyLib.o)
                0x1fff8110                cydelay_32k_ms
                0x1fff8114                cydelay_freq_khz
                0x1fff8118                cydelay_freq_mhz
                0x1fff811c                cydelay_freq_hz
 .data          0x1fff8120       0x1c .\CortexM3\ARM_GCC_493\Debug\trash_can.a(USBUART_cdc.o)
                0x1fff8120                USBUART_linesCoding
 .data.impure_data
                0x1fff813c       0x60 c:/program files (x86)/cypress/psoc creator/3.3/psoc creator/import/gnu/arm/4.9.3/bin/../lib/gcc/arm-none-eabi/4.9.3/../../../../arm-none-eabi/lib/armv7-m\libg_nano.a(lib_a-impure.o)
 .data._impure_ptr
                0x1fff819c        0x4 c:/program files (x86)/cypress/psoc creator/3.3/psoc creator/import/gnu/arm/4.9.3/bin/../lib/gcc/arm-none-eabi/4.9.3/../../../../arm-none-eabi/lib/armv7-m\libg_nano.a(lib_a-impure.o)
                0x1fff819c                _impure_ptr
                0x1fff81a0                . = ALIGN (0x8)
 *(.ram)
                0x1fff81a0                _edata = .

.igot.plt       0x1fff81a0        0x0 load address 0x00003e90
 .igot.plt      0x00000000        0x0 c:/program files (x86)/cypress/psoc creator/3.3/psoc creator/import/gnu/arm/4.9.3/bin/../lib/gcc/arm-none-eabi/4.9.3/armv7-m/crtbegin.o

.bss            0x1fff81a0      0x148 load address 0x00003e90
                0x1fff81a0                PROVIDE (__bss_start__, .)
 *(.shbss)
 *(.bss .bss.* .gnu.linkonce.b.*)
 .bss           0x1fff81a0       0x1c c:/program files (x86)/cypress/psoc creator/3.3/psoc creator/import/gnu/arm/4.9.3/bin/../lib/gcc/arm-none-eabi/4.9.3/armv7-m/crtbegin.o
 .bss           0x1fff81bc       0x28 .\CortexM3\ARM_GCC_493\Debug\rc_ch.o
 .bss           0x1fff81e4        0x1 .\CortexM3\ARM_GCC_493\Debug\trash_can.a(RC_Ch2_Timer.o)
                0x1fff81e4                RC_Ch2_Timer_initVar
 .bss           0x1fff81e5        0x1 .\CortexM3\ARM_GCC_493\Debug\trash_can.a(RC_Ch1_Timer.o)
                0x1fff81e5                RC_Ch1_Timer_initVar
 .bss           0x1fff81e6        0x1 .\CortexM3\ARM_GCC_493\Debug\trash_can.a(RC_Ch4_Timer.o)
                0x1fff81e6                RC_Ch4_Timer_initVar
 .bss           0x1fff81e7        0x1 .\CortexM3\ARM_GCC_493\Debug\trash_can.a(RC_Ch3_Timer.o)
                0x1fff81e7                RC_Ch3_Timer_initVar
 .bss           0x1fff81e8        0x1 .\CortexM3\ARM_GCC_493\Debug\trash_can.a(Left_Drive_DC_Motor_PWM.o)
                0x1fff81e8                Left_Drive_DC_Motor_PWM_initVar
 .bss           0x1fff81e9        0x1 .\CortexM3\ARM_GCC_493\Debug\trash_can.a(USBUART.o)
                0x1fff81e9                USBUART_initVar
 .bss           0x1fff81ea        0x1 .\CortexM3\ARM_GCC_493\Debug\trash_can.a(USBUART_cdc.o)
 *fill*         0x1fff81eb        0x1 
 .bss           0x1fff81ec        0x4 .\CortexM3\ARM_GCC_493\Debug\trash_can.a(USBUART_std.o)
 .bss           0x1fff81f0        0x1 .\CortexM3\ARM_GCC_493\Debug\trash_can.a(Right_Drive_DC_Motor_PWM.o)
                0x1fff81f0                Right_Drive_DC_Motor_PWM_initVar
 .bss           0x1fff81f1        0x1 .\CortexM3\ARM_GCC_493\Debug\trash_can.a(RC_Ch5_Timer.o)
                0x1fff81f1                RC_Ch5_Timer_initVar
 .bss           0x1fff81f2        0x1 .\CortexM3\ARM_GCC_493\Debug\trash_can.a(Head_Servo_PWM.o)
                0x1fff81f2                Head_Servo_PWM_initVar
 *fill*         0x1fff81f3        0x1 
 .bss.__malloc_sbrk_start
                0x1fff81f4        0x4 c:/program files (x86)/cypress/psoc creator/3.3/psoc creator/import/gnu/arm/4.9.3/bin/../lib/gcc/arm-none-eabi/4.9.3/../../../../arm-none-eabi/lib/armv7-m\libg_nano.a(lib_a-nano-mallocr.o)
                0x1fff81f4                __malloc_sbrk_start
 .bss.__malloc_free_list
                0x1fff81f8        0x4 c:/program files (x86)/cypress/psoc creator/3.3/psoc creator/import/gnu/arm/4.9.3/bin/../lib/gcc/arm-none-eabi/4.9.3/../../../../arm-none-eabi/lib/armv7-m\libg_nano.a(lib_a-nano-mallocr.o)
                0x1fff81f8                __malloc_free_list
 *(COMMON)
 COMMON         0x1fff81fc        0xc .\CortexM3\ARM_GCC_493\Debug\milliseconds.o
                0x1fff81fc                ms
                0x1fff81fe                seconds
                0x1fff8200                MILLISECONDS
                0x1fff8204                minutes
                0x1fff8206                hours
 COMMON         0x1fff8208       0x18 .\CortexM3\ARM_GCC_493\Debug\trash_can.a(USBUART_cdc.o)
                0x1fff8208                USBUART_linesChanged
                0x1fff820c                USBUART_cdcDataInEp
                0x1fff8210                USBUART_cdcCommInInterruptEp
                0x1fff8214                USBUART_cdcDataOutEp
                0x1fff8218                USBUART_serialStateBitmap
                0x1fff821c                USBUART_linesControlBitmap
 COMMON         0x1fff8220       0x9a .\CortexM3\ARM_GCC_493\Debug\trash_can.a(USBUART_drv.o)
                0x1fff8220                USBUART_lastPacketSize
                0x1fff8221                USBUART_device
                0x1fff8222                USBUART_transferByteCount
                0x1fff8224                USBUART_transferState
                0x1fff8228                USBUART_interfaceSettingLast
                0x1fff822c                USBUART_currentTD
                0x1fff8238                USBUART_interfaceNumber
                0x1fff823c                USBUART_interfaceClass
                0x1fff8240                USBUART_configurationChanged
                0x1fff8241                USBUART_ep0Mode
                0x1fff8242                USBUART_deviceAddress
                0x1fff8243                USBUART_configuration
                0x1fff8244                USBUART_ep0Count
                0x1fff8245                USBUART_deviceStatus
                0x1fff8248                USBUART_EP
                0x1fff82b4                USBUART_interfaceSetting
                0x1fff82b6                USBUART_ep0Toggle
                0x1fff82b8                USBUART_interfaceStatus
 *fill*         0x1fff82ba        0x2 
 COMMON         0x1fff82bc       0x22 .\CortexM3\ARM_GCC_493\Debug\trash_can.a(USBUART_descr.o)
                0x1fff82bc                USBUART_idSerialNumberStringDescriptor
 *fill*         0x1fff82de        0x2 
 COMMON         0x1fff82e0        0x4 c:/program files (x86)/cypress/psoc creator/3.3/psoc creator/import/gnu/arm/4.9.3/bin/../lib/gcc/arm-none-eabi/4.9.3/../../../../arm-none-eabi/lib/armv7-m\libg_nano.a(lib_a-reent.o)
                0x1fff82e0                errno
                0x1fff82e8                . = ALIGN (0x8)
 *fill*         0x1fff82e4        0x4 
 *(.ram.b)
                0x1fff82e8                _end = .
                0x1fff82e8                __end = .
                0x1fff82e8                PROVIDE (end, .)
                0x1fff82e8                PROVIDE (__bss_end__, .)
                0x00003df8                __cy_region_init_ram = LOADADDR (.data)
                0x00000098                __cy_region_init_size_ram = (_edata - ADDR (.data))
                0x00000148                __cy_region_zero_size_ram = (_end - _edata)

.heap           0x1fff82e8       0x80 load address 0x00003e90
                0x1fff82e8                . = _end
                0x1fff8368                . = (. + 0x80)
 *fill*         0x1fff82e8       0x80 
                0x1fff8368                __cy_heap_limit = .

.stack          0x20007800      0x800
                0x20007800                __cy_stack_limit = .
                0x20008000                . = (. + 0x800)
 *fill*         0x20007800      0x800 
                0x00000001                ASSERT ((__cy_stack_limit >= __cy_heap_limit), region RAM overflowed with stack)
                0x00000000                cy_checksum_exclude_size = (CY_APPL_LOADABLE == 0x1)?SIZEOF (.cy_checksum_exclude):0x0
                0x00000001                ASSERT ((cy_checksum_exclude_size <= CY_CHECKSUM_EXCLUDE_SIZE), CY_BOOT: Section .cy_checksum_exclude size exceedes specified limit.)

.cyloadermeta
 *(.cyloadermeta)

.cyloadablemeta
 *(.cyloadablemeta)

.cyconfigecc    0x80000000      0xab8
 *(.cyconfigecc)
 .cyconfigecc   0x80000000      0xab8 .\CortexM3\ARM_GCC_493\Debug\cymetadata.o
                0x80000000                cy_meta_configecc

.cycustnvl      0x90000000        0x4
 *(.cycustnvl)
 .cycustnvl     0x90000000        0x4 .\CortexM3\ARM_GCC_493\Debug\cymetadata.o
                0x90000000                cy_meta_custnvl

.cywolatch      0x90100000        0x4
 *(.cywolatch)
 .cywolatch     0x90100000        0x4 .\CortexM3\ARM_GCC_493\Debug\cymetadata.o
                0x90100000                cy_meta_wonvl

.cyeeprom       0x90200000        0x0
 *(.cyeeprom)
                0x00000001                ASSERT ((. <= ((0x90200000 + ee_offset) + ee_size)), .cyeeprom data will not fit in EEPROM)

.cyflashprotect
                0x90400000      0x100
 *(.cyflashprotect)
 .cyflashprotect
                0x90400000      0x100 .\CortexM3\ARM_GCC_493\Debug\cymetadata.o
                0x90400000                cy_meta_flashprotect

.cymeta         0x90500000        0xc
 *(.cymeta)
 .cymeta        0x90500000        0xc .\CortexM3\ARM_GCC_493\Debug\cymetadata.o
                0x90500000                cy_metadata

.rel.dyn        0x00003e90        0x0 load address 0x9050000c
 .rel.iplt      0x00000000        0x0 c:/program files (x86)/cypress/psoc creator/3.3/psoc creator/import/gnu/arm/4.9.3/bin/../lib/gcc/arm-none-eabi/4.9.3/armv7-m/crtbegin.o

.stab
 *(.stab)

.stabstr
 *(.stabstr)

.debug
 *(.debug)

.line
 *(.line)

.debug_srcinfo
 *(.debug_srcinfo)

.debug_sfnames
 *(.debug_sfnames)

.debug_aranges  0x00000000     0x14b8
 *(.debug_aranges)
 .debug_aranges
                0x00000000       0x20 .\CortexM3\ARM_GCC_493\Debug\main.o
 .debug_aranges
                0x00000020       0x30 .\CortexM3\ARM_GCC_493\Debug\dc_motor.o
 .debug_aranges
                0x00000050       0x28 .\CortexM3\ARM_GCC_493\Debug\milliseconds.o
 .debug_aranges
                0x00000078       0x30 .\CortexM3\ARM_GCC_493\Debug\servo.o
 .debug_aranges
                0x000000a8       0x58 .\CortexM3\ARM_GCC_493\Debug\rc_ch.o
 .debug_aranges
                0x00000100       0x18 .\CortexM3\ARM_GCC_493\Debug\cymetadata.o
 .debug_aranges
                0x00000118       0x48 .\CortexM3\ARM_GCC_493\Debug\Cm3Start.o
 .debug_aranges
                0x00000160       0x58 .\CortexM3\ARM_GCC_493\Debug\trash_can.a(cyfitter_cfg.o)
 .debug_aranges
                0x000001b8       0xa8 .\CortexM3\ARM_GCC_493\Debug\trash_can.a(RC_Ch2_Timer.o)
 .debug_aranges
                0x00000260       0x38 .\CortexM3\ARM_GCC_493\Debug\trash_can.a(RC_Ch2.o)
 .debug_aranges
                0x00000298       0x80 .\CortexM3\ARM_GCC_493\Debug\trash_can.a(RC_Ch2_Timer_Interrupt.o)
 .debug_aranges
                0x00000318       0xa8 .\CortexM3\ARM_GCC_493\Debug\trash_can.a(RC_Ch1_Timer.o)
 .debug_aranges
                0x000003c0       0x38 .\CortexM3\ARM_GCC_493\Debug\trash_can.a(RC_Ch1.o)
 .debug_aranges
                0x000003f8       0x80 .\CortexM3\ARM_GCC_493\Debug\trash_can.a(RC_Ch1_Timer_Interrupt.o)
 .debug_aranges
                0x00000478       0xa8 .\CortexM3\ARM_GCC_493\Debug\trash_can.a(RC_Ch4_Timer.o)
 .debug_aranges
                0x00000520       0x38 .\CortexM3\ARM_GCC_493\Debug\trash_can.a(RC_Ch4.o)
 .debug_aranges
                0x00000558       0x80 .\CortexM3\ARM_GCC_493\Debug\trash_can.a(RC_Ch4_Timer_Interrupt.o)
 .debug_aranges
                0x000005d8       0xa8 .\CortexM3\ARM_GCC_493\Debug\trash_can.a(RC_Ch3_Timer.o)
 .debug_aranges
                0x00000680       0x38 .\CortexM3\ARM_GCC_493\Debug\trash_can.a(RC_Ch3.o)
 .debug_aranges
                0x000006b8       0x80 .\CortexM3\ARM_GCC_493\Debug\trash_can.a(RC_Ch3_Timer_Interrupt.o)
 .debug_aranges
                0x00000738       0x98 .\CortexM3\ARM_GCC_493\Debug\trash_can.a(Left_Drive_DC_Motor_PWM.o)
 .debug_aranges
                0x000007d0       0x38 .\CortexM3\ARM_GCC_493\Debug\trash_can.a(Left_Drive_DC_Motor_Direction.o)
 .debug_aranges
                0x00000808       0x20 .\CortexM3\ARM_GCC_493\Debug\trash_can.a(CyBootAsmGnu.o)
 .debug_aranges
                0x00000828      0x298 .\CortexM3\ARM_GCC_493\Debug\trash_can.a(CyLib.o)
 .debug_aranges
                0x00000ac0       0x98 .\CortexM3\ARM_GCC_493\Debug\trash_can.a(cyPm.o)
 .debug_aranges
                0x00000b58       0x20 .\CortexM3\ARM_GCC_493\Debug\trash_can.a(cyutils.o)
 .debug_aranges
                0x00000b78       0x38 .\CortexM3\ARM_GCC_493\Debug\trash_can.a(Status_LED.o)
 .debug_aranges
                0x00000bb0       0x80 .\CortexM3\ARM_GCC_493\Debug\trash_can.a(Clock_Millis_Interrupt.o)
 .debug_aranges
                0x00000c30       0xc8 .\CortexM3\ARM_GCC_493\Debug\trash_can.a(USBUART.o)
 .debug_aranges
                0x00000cf8       0xe8 .\CortexM3\ARM_GCC_493\Debug\trash_can.a(USBUART_cdc.o)
 .debug_aranges
                0x00000de0       0x98 .\CortexM3\ARM_GCC_493\Debug\trash_can.a(USBUART_drv.o)
 .debug_aranges
                0x00000e78       0x40 .\CortexM3\ARM_GCC_493\Debug\trash_can.a(USBUART_episr.o)
 .debug_aranges
                0x00000eb8       0x40 .\CortexM3\ARM_GCC_493\Debug\trash_can.a(USBUART_pm.o)
 .debug_aranges
                0x00000ef8       0x80 .\CortexM3\ARM_GCC_493\Debug\trash_can.a(USBUART_std.o)
 .debug_aranges
                0x00000f78       0x20 .\CortexM3\ARM_GCC_493\Debug\trash_can.a(USBUART_vnd.o)
 .debug_aranges
                0x00000f98       0x48 .\CortexM3\ARM_GCC_493\Debug\trash_can.a(USBUART_Dp.o)
 .debug_aranges
                0x00000fe0       0x98 .\CortexM3\ARM_GCC_493\Debug\trash_can.a(Right_Drive_DC_Motor_PWM.o)
 .debug_aranges
                0x00001078       0x38 .\CortexM3\ARM_GCC_493\Debug\trash_can.a(Right_Drive_DC_Motor_Direction.o)
 .debug_aranges
                0x000010b0       0x38 .\CortexM3\ARM_GCC_493\Debug\trash_can.a(Center_Lift_DC_Motor_Direction_1.o)
 .debug_aranges
                0x000010e8       0x38 .\CortexM3\ARM_GCC_493\Debug\trash_can.a(Center_Lift_DC_Motor_Direction_2.o)
 .debug_aranges
                0x00001120       0x38 .\CortexM3\ARM_GCC_493\Debug\trash_can.a(Shoulder_Cam_DC_Motor_Direction_2.o)
 .debug_aranges
                0x00001158       0x38 .\CortexM3\ARM_GCC_493\Debug\trash_can.a(Shoulder_Cam_DC_Motor_Direction_1.o)
 .debug_aranges
                0x00001190       0xa8 .\CortexM3\ARM_GCC_493\Debug\trash_can.a(RC_Ch5_Timer.o)
 .debug_aranges
                0x00001238       0x38 .\CortexM3\ARM_GCC_493\Debug\trash_can.a(RC_Ch5.o)
 .debug_aranges
                0x00001270       0x80 .\CortexM3\ARM_GCC_493\Debug\trash_can.a(RC_Ch5_Timer_Interrupt.o)
 .debug_aranges
                0x000012f0       0x98 .\CortexM3\ARM_GCC_493\Debug\trash_can.a(Head_Servo_PWM.o)
 .debug_aranges
                0x00001388       0x80 .\CortexM3\ARM_GCC_493\Debug\trash_can.a(CyFlash.o)
 .debug_aranges
                0x00001408       0x78 .\CortexM3\ARM_GCC_493\Debug\trash_can.a(CySpc.o)
 .debug_aranges
                0x00001480       0x20 .\CortexM3\ARM_GCC_493\Debug\trash_can.a(USBUART_cls.o)
 .debug_aranges
                0x000014a0       0x18 .\CortexM3\ARM_GCC_493\Debug\trash_can.a(USBUART_descr.o)

.debug_pubnames
 *(.debug_pubnames)

.debug_info     0x00000000     0xbba3
 *(.debug_info .gnu.linkonce.wi.*)
 .debug_info    0x00000000      0xa31 .\CortexM3\ARM_GCC_493\Debug\main.o
 .debug_info    0x00000a31      0x4c8 .\CortexM3\ARM_GCC_493\Debug\dc_motor.o
 .debug_info    0x00000ef9      0x17f .\CortexM3\ARM_GCC_493\Debug\milliseconds.o
 .debug_info    0x00001078      0x1f7 .\CortexM3\ARM_GCC_493\Debug\servo.o
 .debug_info    0x0000126f      0x798 .\CortexM3\ARM_GCC_493\Debug\rc_ch.o
 .debug_info    0x00001a07      0x13f .\CortexM3\ARM_GCC_493\Debug\cymetadata.o
 .debug_info    0x00001b46      0x39f .\CortexM3\ARM_GCC_493\Debug\Cm3Start.o
 .debug_info    0x00001ee5      0x5e8 .\CortexM3\ARM_GCC_493\Debug\trash_can.a(cyfitter_cfg.o)
 .debug_info    0x000024cd      0x3a5 .\CortexM3\ARM_GCC_493\Debug\trash_can.a(RC_Ch2_Timer.o)
 .debug_info    0x00002872      0x11f .\CortexM3\ARM_GCC_493\Debug\trash_can.a(RC_Ch2.o)
 .debug_info    0x00002991      0x2cb .\CortexM3\ARM_GCC_493\Debug\trash_can.a(RC_Ch2_Timer_Interrupt.o)
 .debug_info    0x00002c5c      0x3a5 .\CortexM3\ARM_GCC_493\Debug\trash_can.a(RC_Ch1_Timer.o)
 .debug_info    0x00003001      0x11f .\CortexM3\ARM_GCC_493\Debug\trash_can.a(RC_Ch1.o)
 .debug_info    0x00003120      0x2cb .\CortexM3\ARM_GCC_493\Debug\trash_can.a(RC_Ch1_Timer_Interrupt.o)
 .debug_info    0x000033eb      0x3a5 .\CortexM3\ARM_GCC_493\Debug\trash_can.a(RC_Ch4_Timer.o)
 .debug_info    0x00003790      0x11f .\CortexM3\ARM_GCC_493\Debug\trash_can.a(RC_Ch4.o)
 .debug_info    0x000038af      0x2cb .\CortexM3\ARM_GCC_493\Debug\trash_can.a(RC_Ch4_Timer_Interrupt.o)
 .debug_info    0x00003b7a      0x3a5 .\CortexM3\ARM_GCC_493\Debug\trash_can.a(RC_Ch3_Timer.o)
 .debug_info    0x00003f1f      0x11f .\CortexM3\ARM_GCC_493\Debug\trash_can.a(RC_Ch3.o)
 .debug_info    0x0000403e      0x2cb .\CortexM3\ARM_GCC_493\Debug\trash_can.a(RC_Ch3_Timer_Interrupt.o)
 .debug_info    0x00004309      0x32e .\CortexM3\ARM_GCC_493\Debug\trash_can.a(Left_Drive_DC_Motor_PWM.o)
 .debug_info    0x00004637      0x11f .\CortexM3\ARM_GCC_493\Debug\trash_can.a(Left_Drive_DC_Motor_Direction.o)
 .debug_info    0x00004756       0xec .\CortexM3\ARM_GCC_493\Debug\trash_can.a(CyBootAsmGnu.o)
 .debug_info    0x00004842     0x136f .\CortexM3\ARM_GCC_493\Debug\trash_can.a(CyLib.o)
 .debug_info    0x00005bb1      0xa57 .\CortexM3\ARM_GCC_493\Debug\trash_can.a(cyPm.o)
 .debug_info    0x00006608       0xee .\CortexM3\ARM_GCC_493\Debug\trash_can.a(cyutils.o)
 .debug_info    0x000066f6      0x11f .\CortexM3\ARM_GCC_493\Debug\trash_can.a(Status_LED.o)
 .debug_info    0x00006815      0x2cb .\CortexM3\ARM_GCC_493\Debug\trash_can.a(Clock_Millis_Interrupt.o)
 .debug_info    0x00006ae0      0x9aa .\CortexM3\ARM_GCC_493\Debug\trash_can.a(USBUART.o)
 .debug_info    0x0000748a      0xb16 .\CortexM3\ARM_GCC_493\Debug\trash_can.a(USBUART_cdc.o)
 .debug_info    0x00007fa0      0x649 .\CortexM3\ARM_GCC_493\Debug\trash_can.a(USBUART_drv.o)
 .debug_info    0x000085e9      0x244 .\CortexM3\ARM_GCC_493\Debug\trash_can.a(USBUART_episr.o)
 .debug_info    0x0000882d      0x2ef .\CortexM3\ARM_GCC_493\Debug\trash_can.a(USBUART_pm.o)
 .debug_info    0x00008b1c      0xb35 .\CortexM3\ARM_GCC_493\Debug\trash_can.a(USBUART_std.o)
 .debug_info    0x00009651       0xe6 .\CortexM3\ARM_GCC_493\Debug\trash_can.a(USBUART_vnd.o)
 .debug_info    0x00009737      0x174 .\CortexM3\ARM_GCC_493\Debug\trash_can.a(USBUART_Dp.o)
 .debug_info    0x000098ab      0x32e .\CortexM3\ARM_GCC_493\Debug\trash_can.a(Right_Drive_DC_Motor_PWM.o)
 .debug_info    0x00009bd9      0x11f .\CortexM3\ARM_GCC_493\Debug\trash_can.a(Right_Drive_DC_Motor_Direction.o)
 .debug_info    0x00009cf8      0x11f .\CortexM3\ARM_GCC_493\Debug\trash_can.a(Center_Lift_DC_Motor_Direction_1.o)
 .debug_info    0x00009e17      0x11f .\CortexM3\ARM_GCC_493\Debug\trash_can.a(Center_Lift_DC_Motor_Direction_2.o)
 .debug_info    0x00009f36      0x11f .\CortexM3\ARM_GCC_493\Debug\trash_can.a(Shoulder_Cam_DC_Motor_Direction_2.o)
 .debug_info    0x0000a055      0x11f .\CortexM3\ARM_GCC_493\Debug\trash_can.a(Shoulder_Cam_DC_Motor_Direction_1.o)
 .debug_info    0x0000a174      0x3a5 .\CortexM3\ARM_GCC_493\Debug\trash_can.a(RC_Ch5_Timer.o)
 .debug_info    0x0000a519      0x11f .\CortexM3\ARM_GCC_493\Debug\trash_can.a(RC_Ch5.o)
 .debug_info    0x0000a638      0x2cb .\CortexM3\ARM_GCC_493\Debug\trash_can.a(RC_Ch5_Timer_Interrupt.o)
 .debug_info    0x0000a903      0x34f .\CortexM3\ARM_GCC_493\Debug\trash_can.a(Head_Servo_PWM.o)
 .debug_info    0x0000ac52      0x608 .\CortexM3\ARM_GCC_493\Debug\trash_can.a(CyFlash.o)
 .debug_info    0x0000b25a      0x4ea .\CortexM3\ARM_GCC_493\Debug\trash_can.a(CySpc.o)
 .debug_info    0x0000b744      0x1d2 .\CortexM3\ARM_GCC_493\Debug\trash_can.a(USBUART_cls.o)
 .debug_info    0x0000b916      0x28d .\CortexM3\ARM_GCC_493\Debug\trash_can.a(USBUART_descr.o)

.debug_abbrev   0x00000000     0x3d46
 *(.debug_abbrev)
 .debug_abbrev  0x00000000      0x1f5 .\CortexM3\ARM_GCC_493\Debug\main.o
 .debug_abbrev  0x000001f5      0x19b .\CortexM3\ARM_GCC_493\Debug\dc_motor.o
 .debug_abbrev  0x00000390       0xed .\CortexM3\ARM_GCC_493\Debug\milliseconds.o
 .debug_abbrev  0x0000047d      0x150 .\CortexM3\ARM_GCC_493\Debug\servo.o
 .debug_abbrev  0x000005cd      0x1c0 .\CortexM3\ARM_GCC_493\Debug\rc_ch.o
 .debug_abbrev  0x0000078d       0x77 .\CortexM3\ARM_GCC_493\Debug\cymetadata.o
 .debug_abbrev  0x00000804      0x200 .\CortexM3\ARM_GCC_493\Debug\Cm3Start.o
 .debug_abbrev  0x00000a04      0x212 .\CortexM3\ARM_GCC_493\Debug\trash_can.a(cyfitter_cfg.o)
 .debug_abbrev  0x00000c16      0x170 .\CortexM3\ARM_GCC_493\Debug\trash_can.a(RC_Ch2_Timer.o)
 .debug_abbrev  0x00000d86       0x90 .\CortexM3\ARM_GCC_493\Debug\trash_can.a(RC_Ch2.o)
 .debug_abbrev  0x00000e16      0x173 .\CortexM3\ARM_GCC_493\Debug\trash_can.a(RC_Ch2_Timer_Interrupt.o)
 .debug_abbrev  0x00000f89      0x170 .\CortexM3\ARM_GCC_493\Debug\trash_can.a(RC_Ch1_Timer.o)
 .debug_abbrev  0x000010f9       0x90 .\CortexM3\ARM_GCC_493\Debug\trash_can.a(RC_Ch1.o)
 .debug_abbrev  0x00001189      0x173 .\CortexM3\ARM_GCC_493\Debug\trash_can.a(RC_Ch1_Timer_Interrupt.o)
 .debug_abbrev  0x000012fc      0x170 .\CortexM3\ARM_GCC_493\Debug\trash_can.a(RC_Ch4_Timer.o)
 .debug_abbrev  0x0000146c       0x90 .\CortexM3\ARM_GCC_493\Debug\trash_can.a(RC_Ch4.o)
 .debug_abbrev  0x000014fc      0x173 .\CortexM3\ARM_GCC_493\Debug\trash_can.a(RC_Ch4_Timer_Interrupt.o)
 .debug_abbrev  0x0000166f      0x170 .\CortexM3\ARM_GCC_493\Debug\trash_can.a(RC_Ch3_Timer.o)
 .debug_abbrev  0x000017df       0x90 .\CortexM3\ARM_GCC_493\Debug\trash_can.a(RC_Ch3.o)
 .debug_abbrev  0x0000186f      0x173 .\CortexM3\ARM_GCC_493\Debug\trash_can.a(RC_Ch3_Timer_Interrupt.o)
 .debug_abbrev  0x000019e2      0x14d .\CortexM3\ARM_GCC_493\Debug\trash_can.a(Left_Drive_DC_Motor_PWM.o)
 .debug_abbrev  0x00001b2f       0x90 .\CortexM3\ARM_GCC_493\Debug\trash_can.a(Left_Drive_DC_Motor_Direction.o)
 .debug_abbrev  0x00001bbf       0x14 .\CortexM3\ARM_GCC_493\Debug\trash_can.a(CyBootAsmGnu.o)
 .debug_abbrev  0x00001bd3      0x296 .\CortexM3\ARM_GCC_493\Debug\trash_can.a(CyLib.o)
 .debug_abbrev  0x00001e69      0x1ed .\CortexM3\ARM_GCC_493\Debug\trash_can.a(cyPm.o)
 .debug_abbrev  0x00002056       0x8e .\CortexM3\ARM_GCC_493\Debug\trash_can.a(cyutils.o)
 .debug_abbrev  0x000020e4       0x90 .\CortexM3\ARM_GCC_493\Debug\trash_can.a(Status_LED.o)
 .debug_abbrev  0x00002174      0x173 .\CortexM3\ARM_GCC_493\Debug\trash_can.a(Clock_Millis_Interrupt.o)
 .debug_abbrev  0x000022e7      0x25e .\CortexM3\ARM_GCC_493\Debug\trash_can.a(USBUART.o)
 .debug_abbrev  0x00002545      0x28b .\CortexM3\ARM_GCC_493\Debug\trash_can.a(USBUART_cdc.o)
 .debug_abbrev  0x000027d0      0x18b .\CortexM3\ARM_GCC_493\Debug\trash_can.a(USBUART_drv.o)
 .debug_abbrev  0x0000295b      0x11b .\CortexM3\ARM_GCC_493\Debug\trash_can.a(USBUART_episr.o)
 .debug_abbrev  0x00002a76      0x146 .\CortexM3\ARM_GCC_493\Debug\trash_can.a(USBUART_pm.o)
 .debug_abbrev  0x00002bbc      0x23d .\CortexM3\ARM_GCC_493\Debug\trash_can.a(USBUART_std.o)
 .debug_abbrev  0x00002df9       0x9b .\CortexM3\ARM_GCC_493\Debug\trash_can.a(USBUART_vnd.o)
 .debug_abbrev  0x00002e94       0x90 .\CortexM3\ARM_GCC_493\Debug\trash_can.a(USBUART_Dp.o)
 .debug_abbrev  0x00002f24      0x14d .\CortexM3\ARM_GCC_493\Debug\trash_can.a(Right_Drive_DC_Motor_PWM.o)
 .debug_abbrev  0x00003071       0x90 .\CortexM3\ARM_GCC_493\Debug\trash_can.a(Right_Drive_DC_Motor_Direction.o)
 .debug_abbrev  0x00003101       0x90 .\CortexM3\ARM_GCC_493\Debug\trash_can.a(Center_Lift_DC_Motor_Direction_1.o)
 .debug_abbrev  0x00003191       0x90 .\CortexM3\ARM_GCC_493\Debug\trash_can.a(Center_Lift_DC_Motor_Direction_2.o)
 .debug_abbrev  0x00003221       0x90 .\CortexM3\ARM_GCC_493\Debug\trash_can.a(Shoulder_Cam_DC_Motor_Direction_2.o)
 .debug_abbrev  0x000032b1       0x90 .\CortexM3\ARM_GCC_493\Debug\trash_can.a(Shoulder_Cam_DC_Motor_Direction_1.o)
 .debug_abbrev  0x00003341      0x170 .\CortexM3\ARM_GCC_493\Debug\trash_can.a(RC_Ch5_Timer.o)
 .debug_abbrev  0x000034b1       0x90 .\CortexM3\ARM_GCC_493\Debug\trash_can.a(RC_Ch5.o)
 .debug_abbrev  0x00003541      0x173 .\CortexM3\ARM_GCC_493\Debug\trash_can.a(RC_Ch5_Timer_Interrupt.o)
 .debug_abbrev  0x000036b4      0x14d .\CortexM3\ARM_GCC_493\Debug\trash_can.a(Head_Servo_PWM.o)
 .debug_abbrev  0x00003801      0x1ed .\CortexM3\ARM_GCC_493\Debug\trash_can.a(CyFlash.o)
 .debug_abbrev  0x000039ee      0x1c1 .\CortexM3\ARM_GCC_493\Debug\trash_can.a(CySpc.o)
 .debug_abbrev  0x00003baf       0xe3 .\CortexM3\ARM_GCC_493\Debug\trash_can.a(USBUART_cls.o)
 .debug_abbrev  0x00003c92       0xb4 .\CortexM3\ARM_GCC_493\Debug\trash_can.a(USBUART_descr.o)

.debug_line     0x00000000     0x4e7f
 *(.debug_line)
 .debug_line    0x00000000      0x265 .\CortexM3\ARM_GCC_493\Debug\main.o
 .debug_line    0x00000265      0x2f6 .\CortexM3\ARM_GCC_493\Debug\dc_motor.o
 .debug_line    0x0000055b      0x19f .\CortexM3\ARM_GCC_493\Debug\milliseconds.o
 .debug_line    0x000006fa      0x1ab .\CortexM3\ARM_GCC_493\Debug\servo.o
 .debug_line    0x000008a5      0x40c .\CortexM3\ARM_GCC_493\Debug\rc_ch.o
 .debug_line    0x00000cb1       0x53 .\CortexM3\ARM_GCC_493\Debug\cymetadata.o
 .debug_line    0x00000d04      0x249 .\CortexM3\ARM_GCC_493\Debug\Cm3Start.o
 .debug_line    0x00000f4d      0x1ff .\CortexM3\ARM_GCC_493\Debug\trash_can.a(cyfitter_cfg.o)
 .debug_line    0x0000114c      0x1ae .\CortexM3\ARM_GCC_493\Debug\trash_can.a(RC_Ch2_Timer.o)
 .debug_line    0x000012fa       0x95 .\CortexM3\ARM_GCC_493\Debug\trash_can.a(RC_Ch2.o)
 .debug_line    0x0000138f      0x15c .\CortexM3\ARM_GCC_493\Debug\trash_can.a(RC_Ch2_Timer_Interrupt.o)
 .debug_line    0x000014eb      0x1ae .\CortexM3\ARM_GCC_493\Debug\trash_can.a(RC_Ch1_Timer.o)
 .debug_line    0x00001699       0x95 .\CortexM3\ARM_GCC_493\Debug\trash_can.a(RC_Ch1.o)
 .debug_line    0x0000172e      0x15c .\CortexM3\ARM_GCC_493\Debug\trash_can.a(RC_Ch1_Timer_Interrupt.o)
 .debug_line    0x0000188a      0x1ae .\CortexM3\ARM_GCC_493\Debug\trash_can.a(RC_Ch4_Timer.o)
 .debug_line    0x00001a38       0x95 .\CortexM3\ARM_GCC_493\Debug\trash_can.a(RC_Ch4.o)
 .debug_line    0x00001acd      0x15c .\CortexM3\ARM_GCC_493\Debug\trash_can.a(RC_Ch4_Timer_Interrupt.o)
 .debug_line    0x00001c29      0x1ae .\CortexM3\ARM_GCC_493\Debug\trash_can.a(RC_Ch3_Timer.o)
 .debug_line    0x00001dd7       0x95 .\CortexM3\ARM_GCC_493\Debug\trash_can.a(RC_Ch3.o)
 .debug_line    0x00001e6c      0x15c .\CortexM3\ARM_GCC_493\Debug\trash_can.a(RC_Ch3_Timer_Interrupt.o)
 .debug_line    0x00001fc8      0x199 .\CortexM3\ARM_GCC_493\Debug\trash_can.a(Left_Drive_DC_Motor_PWM.o)
 .debug_line    0x00002161       0xac .\CortexM3\ARM_GCC_493\Debug\trash_can.a(Left_Drive_DC_Motor_Direction.o)
 .debug_line    0x0000220d       0x68 .\CortexM3\ARM_GCC_493\Debug\trash_can.a(CyBootAsmGnu.o)
 .debug_line    0x00002275      0x806 .\CortexM3\ARM_GCC_493\Debug\trash_can.a(CyLib.o)
 .debug_line    0x00002a7b      0x366 .\CortexM3\ARM_GCC_493\Debug\trash_can.a(cyPm.o)
 .debug_line    0x00002de1       0x62 .\CortexM3\ARM_GCC_493\Debug\trash_can.a(cyutils.o)
 .debug_line    0x00002e43       0x99 .\CortexM3\ARM_GCC_493\Debug\trash_can.a(Status_LED.o)
 .debug_line    0x00002edc      0x15c .\CortexM3\ARM_GCC_493\Debug\trash_can.a(Clock_Millis_Interrupt.o)
 .debug_line    0x00003038      0x2ca .\CortexM3\ARM_GCC_493\Debug\trash_can.a(USBUART.o)
 .debug_line    0x00003302      0x2f4 .\CortexM3\ARM_GCC_493\Debug\trash_can.a(USBUART_cdc.o)
 .debug_line    0x000035f6      0x223 .\CortexM3\ARM_GCC_493\Debug\trash_can.a(USBUART_drv.o)
 .debug_line    0x00003819       0xe8 .\CortexM3\ARM_GCC_493\Debug\trash_can.a(USBUART_episr.o)
 .debug_line    0x00003901      0x110 .\CortexM3\ARM_GCC_493\Debug\trash_can.a(USBUART_pm.o)
 .debug_line    0x00003a11      0x3e4 .\CortexM3\ARM_GCC_493\Debug\trash_can.a(USBUART_std.o)
 .debug_line    0x00003df5       0x75 .\CortexM3\ARM_GCC_493\Debug\trash_can.a(USBUART_vnd.o)
 .debug_line    0x00003e6a       0xbd .\CortexM3\ARM_GCC_493\Debug\trash_can.a(USBUART_Dp.o)
 .debug_line    0x00003f27      0x19a .\CortexM3\ARM_GCC_493\Debug\trash_can.a(Right_Drive_DC_Motor_PWM.o)
 .debug_line    0x000040c1       0xad .\CortexM3\ARM_GCC_493\Debug\trash_can.a(Right_Drive_DC_Motor_Direction.o)
 .debug_line    0x0000416e       0xaf .\CortexM3\ARM_GCC_493\Debug\trash_can.a(Center_Lift_DC_Motor_Direction_1.o)
 .debug_line    0x0000421d       0xaf .\CortexM3\ARM_GCC_493\Debug\trash_can.a(Center_Lift_DC_Motor_Direction_2.o)
 .debug_line    0x000042cc       0xb0 .\CortexM3\ARM_GCC_493\Debug\trash_can.a(Shoulder_Cam_DC_Motor_Direction_2.o)
 .debug_line    0x0000437c       0xb0 .\CortexM3\ARM_GCC_493\Debug\trash_can.a(Shoulder_Cam_DC_Motor_Direction_1.o)
 .debug_line    0x0000442c      0x1ae .\CortexM3\ARM_GCC_493\Debug\trash_can.a(RC_Ch5_Timer.o)
 .debug_line    0x000045da       0x95 .\CortexM3\ARM_GCC_493\Debug\trash_can.a(RC_Ch5.o)
 .debug_line    0x0000466f      0x15c .\CortexM3\ARM_GCC_493\Debug\trash_can.a(RC_Ch5_Timer_Interrupt.o)
 .debug_line    0x000047cb      0x193 .\CortexM3\ARM_GCC_493\Debug\trash_can.a(Head_Servo_PWM.o)
 .debug_line    0x0000495e      0x1ec .\CortexM3\ARM_GCC_493\Debug\trash_can.a(CyFlash.o)
 .debug_line    0x00004b4a      0x23e .\CortexM3\ARM_GCC_493\Debug\trash_can.a(CySpc.o)
 .debug_line    0x00004d88       0x94 .\CortexM3\ARM_GCC_493\Debug\trash_can.a(USBUART_cls.o)
 .debug_line    0x00004e1c       0x63 .\CortexM3\ARM_GCC_493\Debug\trash_can.a(USBUART_descr.o)

.debug_frame    0x00000000     0x3114
 *(.debug_frame)
 .debug_frame   0x00000000       0x34 .\CortexM3\ARM_GCC_493\Debug\main.o
 .debug_frame   0x00000034       0x5c .\CortexM3\ARM_GCC_493\Debug\dc_motor.o
 .debug_frame   0x00000090       0x3c .\CortexM3\ARM_GCC_493\Debug\milliseconds.o
 .debug_frame   0x000000cc       0x64 .\CortexM3\ARM_GCC_493\Debug\servo.o
 .debug_frame   0x00000130       0xe8 .\CortexM3\ARM_GCC_493\Debug\rc_ch.o
 .debug_frame   0x00000218       0xac .\CortexM3\ARM_GCC_493\Debug\Cm3Start.o
 .debug_frame   0x000002c4       0xe4 .\CortexM3\ARM_GCC_493\Debug\trash_can.a(cyfitter_cfg.o)
 .debug_frame   0x000003a8      0x16c .\CortexM3\ARM_GCC_493\Debug\trash_can.a(RC_Ch2_Timer.o)
 .debug_frame   0x00000514       0x50 .\CortexM3\ARM_GCC_493\Debug\trash_can.a(RC_Ch2.o)
 .debug_frame   0x00000564      0x104 .\CortexM3\ARM_GCC_493\Debug\trash_can.a(RC_Ch2_Timer_Interrupt.o)
 .debug_frame   0x00000668      0x16c .\CortexM3\ARM_GCC_493\Debug\trash_can.a(RC_Ch1_Timer.o)
 .debug_frame   0x000007d4       0x50 .\CortexM3\ARM_GCC_493\Debug\trash_can.a(RC_Ch1.o)
 .debug_frame   0x00000824      0x104 .\CortexM3\ARM_GCC_493\Debug\trash_can.a(RC_Ch1_Timer_Interrupt.o)
 .debug_frame   0x00000928      0x16c .\CortexM3\ARM_GCC_493\Debug\trash_can.a(RC_Ch4_Timer.o)
 .debug_frame   0x00000a94       0x50 .\CortexM3\ARM_GCC_493\Debug\trash_can.a(RC_Ch4.o)
 .debug_frame   0x00000ae4      0x104 .\CortexM3\ARM_GCC_493\Debug\trash_can.a(RC_Ch4_Timer_Interrupt.o)
 .debug_frame   0x00000be8      0x16c .\CortexM3\ARM_GCC_493\Debug\trash_can.a(RC_Ch3_Timer.o)
 .debug_frame   0x00000d54       0x50 .\CortexM3\ARM_GCC_493\Debug\trash_can.a(RC_Ch3.o)
 .debug_frame   0x00000da4      0x104 .\CortexM3\ARM_GCC_493\Debug\trash_can.a(RC_Ch3_Timer_Interrupt.o)
 .debug_frame   0x00000ea8      0x134 .\CortexM3\ARM_GCC_493\Debug\trash_can.a(Left_Drive_DC_Motor_PWM.o)
 .debug_frame   0x00000fdc       0x50 .\CortexM3\ARM_GCC_493\Debug\trash_can.a(Left_Drive_DC_Motor_Direction.o)
 .debug_frame   0x0000102c      0x728 .\CortexM3\ARM_GCC_493\Debug\trash_can.a(CyLib.o)
 .debug_frame   0x00001754      0x1f8 .\CortexM3\ARM_GCC_493\Debug\trash_can.a(cyPm.o)
 .debug_frame   0x0000194c       0x20 .\CortexM3\ARM_GCC_493\Debug\trash_can.a(cyutils.o)
 .debug_frame   0x0000196c       0x50 .\CortexM3\ARM_GCC_493\Debug\trash_can.a(Status_LED.o)
 .debug_frame   0x000019bc      0x104 .\CortexM3\ARM_GCC_493\Debug\trash_can.a(Clock_Millis_Interrupt.o)
 .debug_frame   0x00001ac0      0x1dc .\CortexM3\ARM_GCC_493\Debug\trash_can.a(USBUART.o)
 .debug_frame   0x00001c9c      0x278 .\CortexM3\ARM_GCC_493\Debug\trash_can.a(USBUART_cdc.o)
 .debug_frame   0x00001f14      0x194 .\CortexM3\ARM_GCC_493\Debug\trash_can.a(USBUART_drv.o)
 .debug_frame   0x000020a8       0x6c .\CortexM3\ARM_GCC_493\Debug\trash_can.a(USBUART_episr.o)